[monitor] iniciado
[21:28:12] eq=6.3089 pnl=+0.31% pos=2 state=OK
[21:28:29] eq=6.3089 pnl=+0.31% pos=2 state=OK
[21:28:46] eq=6.3089 pnl=+0.31% pos=2 state=OK
[21:29:06] eq=6.3083 pnl=+0.30% pos=2 state=OK
[21:29:23] eq=6.3083 pnl=+0.30% pos=2 state=OK
[21:29:41] eq=6.3083 pnl=+0.30% pos=2 state=OK
[21:30:01] eq=6.3083 pnl=+0.30% pos=2 state=OK
[21:30:18] eq=6.3083 pnl=+0.30% pos=2 state=OK
[21:30:35] eq=6.3083 pnl=+0.30% pos=2 state=OK
[21:30:55] eq=6.3083 pnl=+0.30% pos=2 state=OK
[21:31:13] eq=6.3083 pnl=+0.30% pos=2 state=OK
[21:31:30] eq=6.3083 pnl=+0.30% pos=2 state=OK
[21:31:50] eq=6.3083 pnl=+0.30% pos=2 state=OK
[21:32:07] eq=6.3083 pnl=+0.30% pos=2 state=OK
[21:32:24] eq=6.3083 pnl=+0.30% pos=2 state=OK
[21:32:44] eq=6.2600 pnl=-0.47% pos=2 state=OK
[21:33:02] eq=6.2600 pnl=-0.47% pos=2 state=OK
[21:33:19] eq=6.2600 pnl=-0.47% pos=2 state=OK
[21:33:39] eq=6.2600 pnl=-0.47% pos=2 state=OK
[21:33:56] eq=6.2600 pnl=-0.47% pos=2 state=OK
[21:34:13] eq=6.2600 pnl=-0.47% pos=2 state=OK
[21:34:33] eq=6.2437 pnl=-0.73% pos=2 state=OK
[21:34:51] eq=6.2437 pnl=-0.73% pos=2 state=OK
[21:35:08] eq=6.2437 pnl=-0.73% pos=2 state=OK
[21:35:28] eq=6.2437 pnl=-0.73% pos=2 state=OK
[21:35:45] eq=6.2437 pnl=-0.73% pos=2 state=OK
[21:36:03] eq=6.2437 pnl=-0.73% pos=2 state=OK
[21:36:23] eq=6.2437 pnl=-0.73% pos=2 state=OK
[21:36:40] eq=6.2437 pnl=-0.73% pos=2 state=OK
[21:36:57] eq=6.2437 pnl=-0.73% pos=2 state=OK
[21:37:17] eq=6.2437 pnl=-0.73% pos=2 state=OK
[21:37:34] eq=6.2437 pnl=-0.73% pos=2 state=OK
[21:37:52] eq=6.2437 pnl=-0.73% pos=2 state=OK
[21:38:12] eq=6.2322 pnl=-0.91% pos=2 state=OK
[21:38:29] eq=6.2322 pnl=-0.91% pos=2 state=OK
[21:38:46] eq=6.2322 pnl=-0.91% pos=2 state=OK
[21:39:06] eq=6.2322 pnl=-0.91% pos=2 state=OK
[21:39:23] eq=6.2322 pnl=-0.91% pos=2 state=OK
[21:39:41] eq=6.2322 pnl=-0.91% pos=2 state=OK
[21:40:01] eq=6.2171 pnl=-1.15% pos=2 state=OK
[21:40:18] eq=6.2171 pnl=-1.15% pos=2 state=OK
[21:40:35] eq=6.2171 pnl=-1.15% pos=2 state=OK
[21:40:55] eq=6.2171 pnl=-1.15% pos=2 state=OK
[21:41:13] eq=6.2171 pnl=-1.15% pos=2 state=OK
[21:41:30] eq=6.2171 pnl=-1.15% pos=2 state=OK
[21:41:50] eq=6.2360 pnl=-0.85% pos=2 state=OK
[21:42:07] eq=6.2360 pnl=-0.85% pos=2 state=OK
[21:42:27] eq=6.2360 pnl=-0.85% pos=2 state=OK
[21:42:43] eq=6.2360 pnl=-0.85% pos=2 state=OK
[21:43:02] eq=6.2360 pnl=-0.85% pos=2 state=OK
[21:43:19] eq=6.2360 pnl=-0.85% pos=2 state=OK
[21:43:39] eq=6.2360 pnl=-0.85% pos=2 state=OK
[21:43:56] eq=6.2152 pnl=-1.18% pos=2 state=OK
[21:44:13] eq=6.2152 pnl=-1.18% pos=2 state=OK
[21:44:33] eq=6.2152 pnl=-1.18% pos=2 state=OK
[21:44:51] eq=6.2152 pnl=-1.18% pos=2 state=OK
[21:45:08] eq=6.2152 pnl=-1.18% pos=2 state=OK
[21:45:28] eq=6.2152 pnl=-1.18% pos=2 state=OK
[21:45:45] eq=6.2089 pnl=-1.28% pos=2 state=OK
[21:46:03] eq=6.2089 pnl=-1.28% pos=2 state=OK
[21:46:23] eq=6.2089 pnl=-1.28% pos=2 state=OK
[21:46:40] eq=6.2089 pnl=-1.28% pos=2 state=OK
[21:46:57] eq=6.2089 pnl=-1.28% pos=2 state=OK
[21:47:17] eq=6.2089 pnl=-1.28% pos=2 state=OK
[21:47:34] eq=6.1380 pnl=-2.41% pos=0 state=CIRCUIT_BREAKER
[21:47:34] cambio posiciones: 2 -> 0
[21:47:34] ALERTA: CIRCUIT_BREAKER alcanzado
[21:47:52] eq=6.1380 pnl=-2.41% pos=0 state=CIRCUIT_BREAKER
[21:48:12] eq=6.1380 pnl=-2.41% pos=0 state=CIRCUIT_BREAKER
[21:48:29] eq=6.1380 pnl=-2.41% pos=0 state=CIRCUIT_BREAKER
[21:48:46] eq=6.1380 pnl=-2.41% pos=0 state=CIRCUIT_BREAKER
[21:49:06] eq=6.1380 pnl=-2.41% pos=0 state=CIRCUIT_BREAKER
[21:49:23] eq=6.1386 pnl=-2.40% pos=0 state=CIRCUIT_BREAKER
[21:49:41] eq=6.1386 pnl=-2.40% pos=0 state=CIRCUIT_BREAKER
[21:50:01] eq=6.1386 pnl=-2.40% pos=0 state=CIRCUIT_BREAKER
[21:50:18] eq=6.1386 pnl=-2.40% pos=0 state=CIRCUIT_BREAKER
[21:50:35] eq=6.1386 pnl=-2.40% pos=0 state=CIRCUIT_BREAKER
[21:50:55] eq=6.1386 pnl=-2.40% pos=0 state=CIRCUIT_BREAKER
[21:51:13] eq=6.1380 pnl=-2.41% pos=0 state=CIRCUIT_BREAKER
[21:51:30] eq=6.1380 pnl=-2.41% pos=0 state=CIRCUIT_BREAKER
[21:51:50] eq=6.1380 pnl=-2.41% pos=0 state=CIRCUIT_BREAKER
[21:52:07] eq=6.1380 pnl=-2.41% pos=0 state=CIRCUIT_BREAKER
[21:52:24] eq=6.1380 pnl=-2.41% pos=0 state=CIRCUIT_BREAKER
[21:52:44] eq=6.1380 pnl=-2.41% pos=0 state=CIRCUIT_BREAKER
[21:53:02] eq=6.1372 pnl=-2.42% pos=0 state=CIRCUIT_BREAKER
[21:53:19] eq=6.1372 pnl=-2.42% pos=0 state=CIRCUIT_BREAKER
[21:53:39] eq=6.1372 pnl=-2.42% pos=0 state=CIRCUIT_BREAKER
[21:53:56] eq=6.1372 pnl=-2.42% pos=0 state=CIRCUIT_BREAKER
[21:54:14] eq=6.1372 pnl=-2.42% pos=0 state=CIRCUIT_BREAKER
[21:54:34] eq=6.1372 pnl=-2.42% pos=0 state=CIRCUIT_BREAKER
[21:54:51] eq=6.1385 pnl=-2.40% pos=0 state=CIRCUIT_BREAKER
[21:55:08] eq=6.1385 pnl=-2.40% pos=0 state=CIRCUIT_BREAKER
[21:55:28] eq=6.1385 pnl=-2.40% pos=0 state=CIRCUIT_BREAKER
[21:55:45] eq=6.1385 pnl=-2.40% pos=0 state=CIRCUIT_BREAKER
[21:56:03] eq=6.1385 pnl=-2.40% pos=0 state=CIRCUIT_BREAKER
[21:56:23] eq=6.1385 pnl=-2.40% pos=0 state=CIRCUIT_BREAKER
[21:56:43] eq=6.1381 pnl=-2.41% pos=0 state=CIRCUIT_BREAKER
[21:56:57] eq=6.1381 pnl=-2.41% pos=0 state=CIRCUIT_BREAKER
[21:57:17] eq=6.1381 pnl=-2.41% pos=0 state=CIRCUIT_BREAKER
[21:57:34] eq=6.1381 pnl=-2.41% pos=0 state=CIRCUIT_BREAKER
[21:57:52] eq=6.1381 pnl=-2.41% pos=0 state=CIRCUIT_BREAKER
[21:58:12] eq=6.1381 pnl=-2.41% pos=0 state=CIRCUIT_BREAKER
[21:58:29] eq=6.1387 pnl=-2.40% pos=0 state=CIRCUIT_BREAKER
[21:58:46] eq=6.1387 pnl=-2.40% pos=0 state=CIRCUIT_BREAKER
[21:59:06] eq=6.1387 pnl=-2.40% pos=0 state=CIRCUIT_BREAKER
[21:59:24] eq=6.1387 pnl=-2.40% pos=0 state=CIRCUIT_BREAKER
[21:59:41] eq=6.1387 pnl=-2.40% pos=0 state=CIRCUIT_BREAKER
[22:00:01] eq=6.1387 pnl=-2.40% pos=0 state=CIRCUIT_BREAKER
[22:00:18] eq=6.1385 pnl=-2.40% pos=0 state=CIRCUIT_BREAKER
[22:00:35] eq=6.1385 pnl=-2.40% pos=0 state=CIRCUIT_BREAKER
[22:00:55] eq=6.1385 pnl=-2.40% pos=0 state=CIRCUIT_BREAKER
[22:01:13] eq=6.1385 pnl=-2.40% pos=0 state=CIRCUIT_BREAKER
[22:01:30] eq=6.1385 pnl=-2.40% pos=0 state=CIRCUIT_BREAKER
[22:01:50] eq=6.1385 pnl=-2.40% pos=0 state=CIRCUIT_BREAKER
[22:02:07] eq=6.1380 pnl=-2.41% pos=0 state=CIRCUIT_BREAKER
[22:02:24] eq=6.1380 pnl=-2.41% pos=0 state=CIRCUIT_BREAKER
[22:02:44] eq=6.1380 pnl=-2.41% pos=0 state=CIRCUIT_BREAKER
[22:03:02] eq=6.1380 pnl=-2.41% pos=0 state=CIRCUIT_BREAKER
[22:03:19] eq=6.1380 pnl=-2.41% pos=0 state=CIRCUIT_BREAKER
[22:03:39] eq=6.1380 pnl=-2.41% pos=0 state=CIRCUIT_BREAKER
[22:03:56] eq=6.1386 pnl=-2.40% pos=0 state=CIRCUIT_BREAKER
[22:04:14] eq=6.1386 pnl=-2.40% pos=0 state=CIRCUIT_BREAKER
[22:04:34] eq=6.1386 pnl=-2.40% pos=0 state=CIRCUIT_BREAKER
[22:04:51] eq=6.1386 pnl=-2.40% pos=0 state=CIRCUIT_BREAKER
[22:05:08] eq=6.1386 pnl=-2.40% pos=0 state=CIRCUIT_BREAKER
[22:05:28] eq=6.1386 pnl=-2.40% pos=0 state=CIRCUIT_BREAKER
[22:05:45] eq=6.1385 pnl=-2.40% pos=0 state=CIRCUIT_BREAKER
[22:06:03] eq=6.1385 pnl=-2.40% pos=0 state=CIRCUIT_BREAKER
[22:06:23] eq=6.1385 pnl=-2.40% pos=0 state=CIRCUIT_BREAKER
[22:06:40] eq=6.1385 pnl=-2.40% pos=0 state=CIRCUIT_BREAKER
[22:06:57] eq=6.1385 pnl=-2.40% pos=0 state=CIRCUIT_BREAKER
[22:07:17] eq=6.1385 pnl=-2.40% pos=0 state=CIRCUIT_BREAKER
[22:07:35] eq=6.1383 pnl=-2.40% pos=0 state=CIRCUIT_BREAKER
[22:07:52] eq=6.1383 pnl=-2.40% pos=0 state=CIRCUIT_BREAKER
[22:08:12] eq=6.1383 pnl=-2.40% pos=0 state=CIRCUIT_BREAKER
[22:08:29] eq=6.1383 pnl=-2.40% pos=0 state=CIRCUIT_BREAKER
[22:08:46] eq=6.1383 pnl=-2.40% pos=0 state=CIRCUIT_BREAKER
[22:09:06] eq=6.1383 pnl=-2.40% pos=0 state=CIRCUIT_BREAKER
[22:09:24] eq=6.1382 pnl=-2.41% pos=0 state=CIRCUIT_BREAKER
[22:09:41] eq=6.1382 pnl=-2.41% pos=0 state=CIRCUIT_BREAKER
[22:10:01] eq=6.1382 pnl=-2.41% pos=0 state=CIRCUIT_BREAKER
[22:10:18] eq=6.1382 pnl=-2.41% pos=0 state=CIRCUIT_BREAKER
[22:10:35] eq=6.1382 pnl=-2.41% pos=0 state=CIRCUIT_BREAKER
[22:10:55] eq=6.1382 pnl=-2.41% pos=0 state=CIRCUIT_BREAKER
[22:11:13] eq=6.1385 pnl=-2.40% pos=0 state=CIRCUIT_BREAKER
[22:11:30] eq=6.1385 pnl=-2.40% pos=0 state=CIRCUIT_BREAKER
[22:11:50] eq=6.1385 pnl=-2.40% pos=0 state=CIRCUIT_BREAKER
[22:12:07] eq=6.1385 pnl=-2.40% pos=0 state=CIRCUIT_BREAKER
[22:12:25] eq=6.1385 pnl=-2.40% pos=0 state=CIRCUIT_BREAKER
[22:12:45] eq=6.1385 pnl=-2.40% pos=0 state=CIRCUIT_BREAKER
[22:13:02] eq=6.1371 pnl=-2.42% pos=0 state=CIRCUIT_BREAKER
[22:13:19] eq=6.1371 pnl=-2.42% pos=0 state=CIRCUIT_BREAKER
[22:13:39] eq=6.1371 pnl=-2.42% pos=0 state=CIRCUIT_BREAKER
[22:13:56] eq=6.1371 pnl=-2.42% pos=0 state=CIRCUIT_BREAKER
[22:14:14] eq=6.1371 pnl=-2.42% pos=0 state=CIRCUIT_BREAKER
[22:14:34] eq=6.1371 pnl=-2.42% pos=0 state=CIRCUIT_BREAKER
[22:14:51] eq=6.1374 pnl=-2.42% pos=0 state=CIRCUIT_BREAKER
[22:15:08] eq=6.1374 pnl=-2.42% pos=0 state=CIRCUIT_BREAKER
[22:15:28] eq=6.1374 pnl=-2.42% pos=0 state=CIRCUIT_BREAKER
[22:15:46] eq=6.1374 pnl=-2.42% pos=0 state=CIRCUIT_BREAKER
[22:16:03] eq=6.1374 pnl=-2.42% pos=0 state=CIRCUIT_BREAKER
[22:16:23] eq=6.1374 pnl=-2.42% pos=0 state=CIRCUIT_BREAKER
[22:16:40] eq=6.1374 pnl=-2.42% pos=0 state=CIRCUIT_BREAKER
[22:16:57] eq=6.1374 pnl=-2.42% pos=0 state=CIRCUIT_BREAKER
[22:17:17] eq=6.1374 pnl=-2.42% pos=0 state=CIRCUIT_BREAKER
[22:17:35] eq=6.1374 pnl=-2.42% pos=0 state=CIRCUIT_BREAKER
[22:17:52] eq=6.1374 pnl=-2.42% pos=0 state=CIRCUIT_BREAKER
[22:18:12] eq=6.1374 pnl=-2.42% pos=0 state=CIRCUIT_BREAKER
[22:18:29] eq=6.1383 pnl=-2.40% pos=0 state=CIRCUIT_BREAKER
[22:18:46] eq=6.1383 pnl=-2.40% pos=0 state=CIRCUIT_BREAKER
[22:19:06] eq=6.1383 pnl=-2.40% pos=0 state=CIRCUIT_BREAKER
[22:19:24] eq=6.1383 pnl=-2.40% pos=0 state=CIRCUIT_BREAKER
[22:19:41] eq=6.1383 pnl=-2.40% pos=0 state=CIRCUIT_BREAKER
[22:20:01] eq=6.1383 pnl=-2.40% pos=0 state=CIRCUIT_BREAKER
[22:20:18] eq=6.1375 pnl=-2.42% pos=0 state=CIRCUIT_BREAKER
[22:20:36] eq=6.1375 pnl=-2.42% pos=0 state=CIRCUIT_BREAKER
[22:20:56] eq=6.1375 pnl=-2.42% pos=0 state=CIRCUIT_BREAKER
[22:21:13] eq=6.1375 pnl=-2.42% pos=0 state=CIRCUIT_BREAKER
[22:21:30] eq=6.1375 pnl=-2.42% pos=0 state=CIRCUIT_BREAKER
[22:21:50] eq=6.1375 pnl=-2.42% pos=0 state=CIRCUIT_BREAKER
[22:22:07] eq=6.1383 pnl=-2.40% pos=0 state=CIRCUIT_BREAKER
[22:22:25] eq=6.1383 pnl=-2.40% pos=0 state=CIRCUIT_BREAKER
[22:22:45] eq=6.1383 pnl=-2.40% pos=0 state=CIRCUIT_BREAKER
[22:23:02] eq=6.1383 pnl=-2.40% pos=0 state=CIRCUIT_BREAKER
[22:23:19] eq=6.1383 pnl=-2.40% pos=0 state=CIRCUIT_BREAKER
[22:23:39] eq=6.1383 pnl=-2.40% pos=0 state=CIRCUIT_BREAKER
[22:23:56] eq=6.1378 pnl=-2.41% pos=0 state=CIRCUIT_BREAKER
[22:24:14] eq=6.1378 pnl=-2.41% pos=0 state=CIRCUIT_BREAKER
[22:24:34] eq=6.1378 pnl=-2.41% pos=0 state=CIRCUIT_BREAKER
[22:24:51] eq=6.1378 pnl=-2.41% pos=0 state=CIRCUIT_BREAKER
[22:25:08] eq=6.1378 pnl=-2.41% pos=0 state=CIRCUIT_BREAKER
[22:25:28] eq=6.1378 pnl=-2.41% pos=0 state=CIRCUIT_BREAKER
[22:25:46] eq=6.1378 pnl=-2.41% pos=0 state=CIRCUIT_BREAKER
[22:26:03] eq=6.1372 pnl=-2.42% pos=0 state=CIRCUIT_BREAKER
[22:26:23] eq=6.1372 pnl=-2.42% pos=0 state=CIRCUIT_BREAKER
[22:26:40] eq=6.1372 pnl=-2.42% pos=0 state=CIRCUIT_BREAKER
[22:26:57] eq=6.1372 pnl=-2.42% pos=0 state=CIRCUIT_BREAKER
[22:27:17] eq=6.1372 pnl=-2.42% pos=0 state=CIRCUIT_BREAKER
[22:27:35] eq=6.1372 pnl=-2.42% pos=0 state=CIRCUIT_BREAKER
[22:27:52] eq=6.1374 pnl=-2.42% pos=0 state=CIRCUIT_BREAKER
[22:28:12] eq=6.1374 pnl=-2.42% pos=0 state=CIRCUIT_BREAKER
[22:28:29] eq=6.1374 pnl=-2.42% pos=0 state=CIRCUIT_BREAKER
[22:28:46] eq=6.1374 pnl=-2.42% pos=0 state=CIRCUIT_BREAKER
[22:29:06] eq=6.1374 pnl=-2.42% pos=0 state=CIRCUIT_BREAKER
[22:29:24] eq=6.1374 pnl=-2.42% pos=0 state=CIRCUIT_BREAKER
[22:29:41] eq=6.1373 pnl=-2.42% pos=0 state=CIRCUIT_BREAKER
[22:30:01] eq=6.1373 pnl=-2.42% pos=0 state=CIRCUIT_BREAKER
[22:30:18] eq=6.1373 pnl=-2.42% pos=0 state=CIRCUIT_BREAKER
[22:30:36] eq=6.1373 pnl=-2.42% pos=0 state=CIRCUIT_BREAKER
[22:30:56] eq=6.1373 pnl=-2.42% pos=0 state=CIRCUIT_BREAKER
[22:31:13] eq=6.1373 pnl=-2.42% pos=0 state=CIRCUIT_BREAKER
[22:31:30] eq=6.1373 pnl=-2.42% pos=0 state=CIRCUIT_BREAKER
[22:31:50] eq=6.1373 pnl=-2.42% pos=0 state=CIRCUIT_BREAKER
[22:32:07] eq=6.1373 pnl=-2.42% pos=0 state=CIRCUIT_BREAKER
[22:32:25] eq=6.1373 pnl=-2.42% pos=0 state=CIRCUIT_BREAKER
[22:32:45] eq=6.1373 pnl=-2.42% pos=0 state=CIRCUIT_BREAKER
[22:33:02] eq=6.1373 pnl=-2.42% pos=0 state=CIRCUIT_BREAKER
[22:33:19] eq=6.1374 pnl=-2.42% pos=0 state=CIRCUIT_BREAKER
[22:33:39] eq=6.1374 pnl=-2.42% pos=0 state=CIRCUIT_BREAKER
[22:33:57] eq=6.1374 pnl=-2.42% pos=0 state=CIRCUIT_BREAKER
[22:34:14] eq=6.1374 pnl=-2.42% pos=0 state=CIRCUIT_BREAKER
[22:34:34] eq=6.1374 pnl=-2.42% pos=0 state=CIRCUIT_BREAKER
[22:34:51] eq=6.1374 pnl=-2.42% pos=0 state=CIRCUIT_BREAKER
[22:35:08] eq=6.1382 pnl=-2.40% pos=0 state=CIRCUIT_BREAKER
[22:35:28] eq=6.1382 pnl=-2.40% pos=0 state=CIRCUIT_BREAKER
[22:35:46] eq=6.1382 pnl=-2.40% pos=0 state=CIRCUIT_BREAKER
[22:36:03] eq=6.1382 pnl=-2.40% pos=0 state=CIRCUIT_BREAKER
[22:36:23] eq=6.1382 pnl=-2.40% pos=0 state=CIRCUIT_BREAKER
[22:36:40] eq=6.1382 pnl=-2.40% pos=0 state=CIRCUIT_BREAKER
[22:36:57] eq=6.1378 pnl=-2.41% pos=0 state=CIRCUIT_BREAKER
[22:37:17] eq=6.1378 pnl=-2.41% pos=0 state=CIRCUIT_BREAKER
[22:37:35] eq=6.1378 pnl=-2.41% pos=0 state=CIRCUIT_BREAKER
[22:37:52] eq=6.1378 pnl=-2.41% pos=0 state=CIRCUIT_BREAKER
[22:38:12] eq=6.1378 pnl=-2.41% pos=0 state=CIRCUIT_BREAKER
[22:38:29] eq=6.1378 pnl=-2.41% pos=0 state=CIRCUIT_BREAKER
[22:38:47] eq=6.1380 pnl=-2.41% pos=0 state=CIRCUIT_BREAKER
[22:39:07] eq=6.1380 pnl=-2.41% pos=0 state=CIRCUIT_BREAKER
[22:39:24] eq=6.1380 pnl=-2.41% pos=0 state=CIRCUIT_BREAKER
[22:39:41] eq=6.1380 pnl=-2.41% pos=0 state=CIRCUIT_BREAKER
[22:40:01] eq=6.1380 pnl=-2.41% pos=0 state=CIRCUIT_BREAKER
[22:40:18] eq=6.1380 pnl=-2.41% pos=0 state=CIRCUIT_BREAKER
[22:40:36] eq=6.1379 pnl=-2.41% pos=0 state=CIRCUIT_BREAKER
[22:40:56] eq=6.1379 pnl=-2.41% pos=0 state=CIRCUIT_BREAKER
[22:41:13] eq=6.1379 pnl=-2.41% pos=0 state=CIRCUIT_BREAKER
[22:41:30] eq=6.1379 pnl=-2.41% pos=0 state=CIRCUIT_BREAKER
[22:41:50] eq=6.1379 pnl=-2.41% pos=0 state=CIRCUIT_BREAKER
[22:42:07] eq=6.1379 pnl=-2.41% pos=0 state=CIRCUIT_BREAKER
[22:42:25] eq=6.1377 pnl=-2.41% pos=0 state=CIRCUIT_BREAKER
[22:42:45] eq=6.1377 pnl=-2.41% pos=0 state=CIRCUIT_BREAKER
[22:43:02] eq=6.1377 pnl=-2.41% pos=0 state=CIRCUIT_BREAKER
[22:43:19] eq=6.1377 pnl=-2.41% pos=0 state=CIRCUIT_BREAKER
[22:43:39] eq=6.1377 pnl=-2.41% pos=0 state=CIRCUIT_BREAKER
[22:43:57] eq=6.1377 pnl=-2.41% pos=0 state=CIRCUIT_BREAKER
[22:44:14] eq=6.1375 pnl=-2.42% pos=0 state=CIRCUIT_BREAKER
[22:44:34] eq=6.1375 pnl=-2.42% pos=0 state=CIRCUIT_BREAKER
[22:44:51] eq=6.1375 pnl=-2.42% pos=0 state=CIRCUIT_BREAKER
[22:45:08] eq=6.1375 pnl=-2.42% pos=0 state=CIRCUIT_BREAKER
[22:45:28] eq=6.1375 pnl=-2.42% pos=0 state=CIRCUIT_BREAKER
[22:45:46] eq=6.1375 pnl=-2.42% pos=0 state=CIRCUIT_BREAKER
[22:46:03] eq=6.1386 pnl=-2.40% pos=0 state=CIRCUIT_BREAKER
[22:46:23] eq=6.1386 pnl=-2.40% pos=0 state=CIRCUIT_BREAKER
[22:46:40] eq=6.1386 pnl=-2.40% pos=0 state=CIRCUIT_BREAKER
[22:46:58] eq=6.1386 pnl=-2.40% pos=0 state=CIRCUIT_BREAKER
[22:47:18] eq=6.1386 pnl=-2.40% pos=0 state=CIRCUIT_BREAKER
[22:47:35] eq=6.1386 pnl=-2.40% pos=0 state=CIRCUIT_BREAKER
[22:47:52] eq=6.1387 pnl=-2.40% pos=0 state=CIRCUIT_BREAKER
[22:48:12] eq=6.1387 pnl=-2.40% pos=0 state=CIRCUIT_BREAKER
[22:48:29] eq=6.1387 pnl=-2.40% pos=0 state=CIRCUIT_BREAKER
[22:48:47] eq=6.1387 pnl=-2.40% pos=0 state=CIRCUIT_BREAKER
[22:49:07] eq=6.1387 pnl=-2.40% pos=0 state=CIRCUIT_BREAKER
[22:49:24] eq=6.1387 pnl=-2.40% pos=0 state=CIRCUIT_BREAKER
[22:49:41] eq=6.1385 pnl=-2.40% pos=0 state=CIRCUIT_BREAKER
[22:50:01] eq=6.1385 pnl=-2.40% pos=0 state=CIRCUIT_BREAKER
[22:50:18] eq=6.1385 pnl=-2.40% pos=0 state=CIRCUIT_BREAKER
[22:50:36] eq=6.1385 pnl=-2.40% pos=0 state=CIRCUIT_BREAKER
[22:50:56] eq=6.1385 pnl=-2.40% pos=0 state=CIRCUIT_BREAKER
[22:51:13] eq=6.1385 pnl=-2.40% pos=0 state=CIRCUIT_BREAKER
[22:51:30] eq=6.1380 pnl=-2.41% pos=0 state=CIRCUIT_BREAKER
[22:51:50] eq=6.1380 pnl=-2.41% pos=0 state=CIRCUIT_BREAKER
[22:52:08] eq=6.1380 pnl=-2.41% pos=0 state=CIRCUIT_BREAKER
[22:52:25] eq=6.1380 pnl=-2.41% pos=0 state=CIRCUIT_BREAKER
[22:52:45] eq=6.1380 pnl=-2.41% pos=0 state=CIRCUIT_BREAKER
[22:53:02] eq=6.1380 pnl=-2.41% pos=0 state=CIRCUIT_BREAKER
[22:53:19] eq=6.1380 pnl=-2.41% pos=0 state=CIRCUIT_BREAKER
[22:53:39] eq=6.1380 pnl=-2.41% pos=0 state=CIRCUIT_BREAKER
[22:53:57] eq=6.1380 pnl=-2.41% pos=0 state=CIRCUIT_BREAKER
[22:54:14] eq=6.1380 pnl=-2.41% pos=0 state=CIRCUIT_BREAKER
[22:54:34] eq=6.1380 pnl=-2.41% pos=0 state=CIRCUIT_BREAKER
[22:54:51] eq=6.1380 pnl=-2.41% pos=0 state=CIRCUIT_BREAKER
[22:55:08] eq=6.1382 pnl=-2.41% pos=0 state=CIRCUIT_BREAKER
[22:55:28] eq=6.1382 pnl=-2.41% pos=0 state=CIRCUIT_BREAKER
[22:55:46] eq=6.1382 pnl=-2.41% pos=0 state=CIRCUIT_BREAKER
[22:56:03] eq=6.1382 pnl=-2.41% pos=0 state=CIRCUIT_BREAKER
[22:56:23] eq=6.1382 pnl=-2.41% pos=0 state=CIRCUIT_BREAKER
[22:56:40] eq=6.1382 pnl=-2.41% pos=0 state=CIRCUIT_BREAKER
[22:56:58] eq=6.1379 pnl=-2.41% pos=0 state=CIRCUIT_BREAKER
[22:57:18] eq=6.1379 pnl=-2.41% pos=0 state=CIRCUIT_BREAKER
[22:57:35] eq=6.1379 pnl=-2.41% pos=0 state=CIRCUIT_BREAKER
[22:57:52] eq=6.1379 pnl=-2.41% pos=0 state=CIRCUIT_BREAKER
[22:58:12] eq=6.1379 pnl=-2.41% pos=0 state=CIRCUIT_BREAKER
[22:58:29] eq=6.1379 pnl=-2.41% pos=0 state=CIRCUIT_BREAKER
[22:58:47] eq=6.1380 pnl=-2.41% pos=0 state=CIRCUIT_BREAKER
[22:59:07] eq=6.1380 pnl=-2.41% pos=0 state=CIRCUIT_BREAKER
[22:59:24] eq=6.1380 pnl=-2.41% pos=0 state=CIRCUIT_BREAKER
[22:59:41] eq=6.1380 pnl=-2.41% pos=0 state=CIRCUIT_BREAKER
[23:00:01] eq=6.1380 pnl=-2.41% pos=0 state=CIRCUIT_BREAKER
[23:00:18] eq=6.1380 pnl=-2.41% pos=0 state=CIRCUIT_BREAKER
[23:00:36] eq=6.1379 pnl=-2.41% pos=0 state=CIRCUIT_BREAKER
[23:00:56] eq=6.1379 pnl=-2.41% pos=0 state=CIRCUIT_BREAKER
[23:01:13] eq=6.1379 pnl=-2.41% pos=0 state=CIRCUIT_BREAKER
[23:01:30] eq=6.1379 pnl=-2.41% pos=0 state=CIRCUIT_BREAKER
[23:01:50] eq=6.1379 pnl=-2.41% pos=0 state=CIRCUIT_BREAKER
[23:02:08] eq=6.1379 pnl=-2.41% pos=0 state=CIRCUIT_BREAKER
[23:02:25] eq=6.1380 pnl=-2.41% pos=0 state=CIRCUIT_BREAKER
[23:02:45] eq=6.1380 pnl=-2.41% pos=0 state=CIRCUIT_BREAKER
[23:03:02] eq=6.1380 pnl=-2.41% pos=0 state=CIRCUIT_BREAKER
[23:03:19] eq=6.1380 pnl=-2.41% pos=0 state=CIRCUIT_BREAKER
[23:03:39] eq=6.1380 pnl=-2.41% pos=0 state=CIRCUIT_BREAKER
[23:03:57] eq=6.1380 pnl=-2.41% pos=0 state=CIRCUIT_BREAKER
[23:04:14] eq=6.1375 pnl=-2.42% pos=0 state=CIRCUIT_BREAKER
[23:04:34] eq=6.1375 pnl=-2.42% pos=0 state=CIRCUIT_BREAKER
[23:04:51] eq=6.1375 pnl=-2.42% pos=0 state=CIRCUIT_BREAKER
[23:05:09] eq=6.1375 pnl=-2.42% pos=0 state=CIRCUIT_BREAKER
[23:05:29] eq=6.1375 pnl=-2.42% pos=0 state=CIRCUIT_BREAKER
[23:05:46] eq=6.1375 pnl=-2.42% pos=0 state=CIRCUIT_BREAKER
[23:06:03] eq=6.1374 pnl=-2.42% pos=0 state=CIRCUIT_BREAKER
[23:06:23] eq=6.1374 pnl=-2.42% pos=0 state=CIRCUIT_BREAKER
[23:06:40] eq=6.1374 pnl=-2.42% pos=0 state=CIRCUIT_BREAKER
[23:06:58] eq=6.1374 pnl=-2.42% pos=0 state=CIRCUIT_BREAKER
[23:07:18] eq=6.1374 pnl=-2.42% pos=0 state=CIRCUIT_BREAKER
[23:07:35] eq=6.1374 pnl=-2.42% pos=0 state=CIRCUIT_BREAKER
[23:07:52] eq=6.1374 pnl=-2.42% pos=0 state=CIRCUIT_BREAKER
[23:08:12] eq=6.1377 pnl=-2.41% pos=0 state=CIRCUIT_BREAKER
[23:08:29] eq=6.1377 pnl=-2.41% pos=0 state=CIRCUIT_BREAKER
[23:08:47] eq=6.1377 pnl=-2.41% pos=0 state=CIRCUIT_BREAKER
[23:09:07] eq=6.1377 pnl=-2.41% pos=0 state=CIRCUIT_BREAKER
[23:09:24] eq=6.1377 pnl=-2.41% pos=0 state=CIRCUIT_BREAKER
[23:09:41] eq=6.1377 pnl=-2.41% pos=0 state=CIRCUIT_BREAKER
[23:10:01] eq=6.1379 pnl=-2.41% pos=0 state=CIRCUIT_BREAKER
[23:10:19] eq=6.1379 pnl=-2.41% pos=0 state=CIRCUIT_BREAKER
[23:10:36] eq=6.1379 pnl=-2.41% pos=0 state=CIRCUIT_BREAKER
[23:10:56] eq=6.1379 pnl=-2.41% pos=0 state=CIRCUIT_BREAKER
[23:11:13] eq=6.1379 pnl=-2.41% pos=0 state=CIRCUIT_BREAKER
[23:11:30] eq=6.1379 pnl=-2.41% pos=0 state=CIRCUIT_BREAKER
[23:11:50] eq=6.1382 pnl=-2.41% pos=0 state=CIRCUIT_BREAKER
[23:12:08] eq=6.1382 pnl=-2.41% pos=0 state=CIRCUIT_BREAKER
[23:12:25] eq=6.1382 pnl=-2.41% pos=0 state=CIRCUIT_BREAKER
[23:12:45] eq=6.1382 pnl=-2.41% pos=0 state=CIRCUIT_BREAKER
[23:13:02] eq=6.1382 pnl=-2.41% pos=0 state=CIRCUIT_BREAKER
[23:13:19] eq=6.1382 pnl=-2.41% pos=0 state=CIRCUIT_BREAKER
[23:13:39] eq=6.1384 pnl=-2.40% pos=0 state=CIRCUIT_BREAKER
[23:13:57] eq=6.1384 pnl=-2.40% pos=0 state=CIRCUIT_BREAKER
[23:14:14] eq=6.1384 pnl=-2.40% pos=0 state=CIRCUIT_BREAKER
[23:14:34] eq=6.1384 pnl=-2.40% pos=0 state=CIRCUIT_BREAKER
[23:14:51] eq=6.1384 pnl=-2.40% pos=0 state=CIRCUIT_BREAKER
[23:15:09] eq=6.1384 pnl=-2.40% pos=0 state=CIRCUIT_BREAKER
[23:15:29] eq=6.1380 pnl=-2.41% pos=0 state=CIRCUIT_BREAKER
[23:15:46] eq=6.1380 pnl=-2.41% pos=0 state=CIRCUIT_BREAKER
[23:16:03] eq=6.1380 pnl=-2.41% pos=0 state=CIRCUIT_BREAKER
[23:16:23] eq=6.1380 pnl=-2.41% pos=0 state=CIRCUIT_BREAKER
[23:16:40] eq=6.1380 pnl=-2.41% pos=0 state=CIRCUIT_BREAKER
[23:16:58] eq=6.1380 pnl=-2.41% pos=0 state=CIRCUIT_BREAKER
[23:17:18] eq=6.1379 pnl=-2.41% pos=0 state=CIRCUIT_BREAKER
[23:17:35] eq=6.1379 pnl=-2.41% pos=0 state=CIRCUIT_BREAKER
[23:17:52] eq=6.1379 pnl=-2.41% pos=0 state=CIRCUIT_BREAKER
[23:18:12] eq=6.1379 pnl=-2.41% pos=0 state=CIRCUIT_BREAKER
[23:18:30] eq=6.1379 pnl=-2.41% pos=0 state=CIRCUIT_BREAKER
[23:18:47] eq=6.1379 pnl=-2.41% pos=0 state=CIRCUIT_BREAKER
[23:19:07] eq=6.1388 pnl=-2.40% pos=0 state=CIRCUIT_BREAKER
[23:19:24] eq=6.1388 pnl=-2.40% pos=0 state=CIRCUIT_BREAKER
[23:19:41] eq=6.1388 pnl=-2.40% pos=0 state=CIRCUIT_BREAKER
[23:20:01] eq=6.1388 pnl=-2.40% pos=0 state=CIRCUIT_BREAKER
[23:20:19] eq=6.1388 pnl=-2.40% pos=0 state=CIRCUIT_BREAKER
[23:20:36] eq=6.1388 pnl=-2.40% pos=0 state=CIRCUIT_BREAKER
[23:20:56] eq=6.1373 pnl=-2.42% pos=0 state=CIRCUIT_BREAKER
[23:21:13] eq=6.1373 pnl=-2.42% pos=0 state=CIRCUIT_BREAKER
[23:21:30] eq=6.1373 pnl=-2.42% pos=0 state=CIRCUIT_BREAKER
[23:21:51] eq=6.1373 pnl=-2.42% pos=0 state=CIRCUIT_BREAKER
[23:22:08] eq=6.1373 pnl=-2.42% pos=0 state=CIRCUIT_BREAKER
[23:22:25] eq=6.1373 pnl=-2.42% pos=0 state=CIRCUIT_BREAKER
[23:22:45] eq=6.1378 pnl=-2.41% pos=0 state=CIRCUIT_BREAKER
[23:23:02] eq=6.1378 pnl=-2.41% pos=0 state=CIRCUIT_BREAKER
[23:23:20] eq=6.1378 pnl=-2.41% pos=0 state=CIRCUIT_BREAKER
[23:23:40] eq=6.1378 pnl=-2.41% pos=0 state=CIRCUIT_BREAKER
[23:23:57] eq=6.1378 pnl=-2.41% pos=0 state=CIRCUIT_BREAKER
[23:24:14] eq=6.1378 pnl=-2.41% pos=0 state=CIRCUIT_BREAKER
[23:24:34] eq=6.1375 pnl=-2.42% pos=0 state=CIRCUIT_BREAKER
[23:24:51] eq=6.1375 pnl=-2.42% pos=0 state=CIRCUIT_BREAKER
[23:25:09] eq=6.1375 pnl=-2.42% pos=0 state=CIRCUIT_BREAKER
[23:25:29] eq=6.1375 pnl=-2.42% pos=0 state=CIRCUIT_BREAKER
[23:25:46] eq=6.1375 pnl=-2.42% pos=0 state=CIRCUIT_BREAKER
[23:26:03] eq=6.1375 pnl=-2.42% pos=0 state=CIRCUIT_BREAKER
[23:26:23] eq=6.1372 pnl=-2.42% pos=0 state=CIRCUIT_BREAKER
[23:26:41] eq=6.1372 pnl=-2.42% pos=0 state=CIRCUIT_BREAKER
[23:26:58] eq=6.1372 pnl=-2.42% pos=0 state=CIRCUIT_BREAKER
[23:27:18] eq=6.1372 pnl=-2.42% pos=0 state=CIRCUIT_BREAKER
[23:27:35] eq=6.1372 pnl=-2.42% pos=0 state=CIRCUIT_BREAKER
[23:27:52] eq=6.1372 pnl=-2.42% pos=0 state=CIRCUIT_BREAKER
[23:28:12] eq=6.1377 pnl=-2.41% pos=0 state=CIRCUIT_BREAKER
[23:28:30] eq=6.1377 pnl=-2.41% pos=0 state=CIRCUIT_BREAKER
[23:28:47] eq=6.1377 pnl=-2.41% pos=0 state=CIRCUIT_BREAKER
[23:29:07] eq=6.1377 pnl=-2.41% pos=0 state=CIRCUIT_BREAKER
[23:29:24] eq=6.1377 pnl=-2.41% pos=0 state=CIRCUIT_BREAKER
[23:29:41] eq=6.1377 pnl=-2.41% pos=0 state=CIRCUIT_BREAKER
[23:30:01] eq=6.1388 pnl=-2.40% pos=0 state=CIRCUIT_BREAKER
[23:30:19] eq=6.1388 pnl=-2.40% pos=0 state=CIRCUIT_BREAKER
[23:30:36] eq=6.1388 pnl=-2.40% pos=0 state=CIRCUIT_BREAKER
[23:30:56] eq=6.1388 pnl=-2.40% pos=0 state=CIRCUIT_BREAKER
[23:31:13] eq=6.1388 pnl=-2.40% pos=0 state=CIRCUIT_BREAKER
[23:31:31] eq=6.1388 pnl=-2.40% pos=0 state=CIRCUIT_BREAKER
[23:31:51] eq=6.1390 pnl=-2.39% pos=0 state=CIRCUIT_BREAKER
[23:32:08] eq=6.1390 pnl=-2.39% pos=0 state=CIRCUIT_BREAKER
[23:32:25] eq=6.1390 pnl=-2.39% pos=0 state=CIRCUIT_BREAKER
[23:32:45] eq=6.1390 pnl=-2.39% pos=0 state=CIRCUIT_BREAKER
[23:33:02] eq=6.1390 pnl=-2.39% pos=0 state=CIRCUIT_BREAKER
[23:33:20] eq=6.1390 pnl=-2.39% pos=0 state=CIRCUIT_BREAKER
[23:33:40] eq=6.1381 pnl=-2.41% pos=0 state=CIRCUIT_BREAKER
[23:33:57] eq=6.1381 pnl=-2.41% pos=0 state=CIRCUIT_BREAKER
[23:34:14] eq=6.1381 pnl=-2.41% pos=0 state=CIRCUIT_BREAKER
[23:34:34] eq=6.1381 pnl=-2.41% pos=0 state=CIRCUIT_BREAKER
[23:34:52] eq=6.1381 pnl=-2.41% pos=0 state=CIRCUIT_BREAKER
[23:35:09] eq=6.1381 pnl=-2.41% pos=0 state=CIRCUIT_BREAKER
[23:35:29] eq=6.1384 pnl=-2.40% pos=0 state=CIRCUIT_BREAKER
[23:35:46] eq=6.1384 pnl=-2.40% pos=0 state=CIRCUIT_BREAKER
[23:36:03] eq=6.1384 pnl=-2.40% pos=0 state=CIRCUIT_BREAKER
[23:36:23] eq=6.1384 pnl=-2.40% pos=0 state=CIRCUIT_BREAKER
[23:36:41] eq=6.1384 pnl=-2.40% pos=0 state=CIRCUIT_BREAKER
[23:36:58] eq=6.1384 pnl=-2.40% pos=0 state=CIRCUIT_BREAKER
[23:37:18] eq=6.1374 pnl=-2.42% pos=0 state=CIRCUIT_BREAKER
[23:37:35] eq=6.1374 pnl=-2.42% pos=0 state=CIRCUIT_BREAKER
[23:37:52] eq=6.1374 pnl=-2.42% pos=0 state=CIRCUIT_BREAKER
[23:38:12] eq=6.1374 pnl=-2.42% pos=0 state=CIRCUIT_BREAKER
[23:38:30] eq=6.1374 pnl=-2.42% pos=0 state=CIRCUIT_BREAKER
[23:38:47] eq=6.1374 pnl=-2.42% pos=0 state=CIRCUIT_BREAKER
[23:39:07] eq=6.1376 pnl=-2.41% pos=0 state=CIRCUIT_BREAKER
[23:39:24] eq=6.1376 pnl=-2.41% pos=0 state=CIRCUIT_BREAKER
[23:39:42] eq=6.1376 pnl=-2.41% pos=0 state=CIRCUIT_BREAKER
[23:40:02] eq=6.1376 pnl=-2.41% pos=0 state=CIRCUIT_BREAKER
[23:40:19] eq=6.1376 pnl=-2.41% pos=0 state=CIRCUIT_BREAKER
[23:40:36] eq=6.1376 pnl=-2.41% pos=0 state=CIRCUIT_BREAKER
[23:40:56] eq=6.1388 pnl=-2.40% pos=0 state=CIRCUIT_BREAKER
[23:41:13] eq=6.1388 pnl=-2.40% pos=0 state=CIRCUIT_BREAKER
[23:41:31] eq=6.1388 pnl=-2.40% pos=0 state=CIRCUIT_BREAKER
[23:41:51] eq=6.1388 pnl=-2.40% pos=0 state=CIRCUIT_BREAKER
[23:42:08] eq=6.1388 pnl=-2.40% pos=0 state=CIRCUIT_BREAKER
[23:42:25] eq=6.1388 pnl=-2.40% pos=0 state=CIRCUIT_BREAKER
[23:42:45] eq=6.1388 pnl=-2.40% pos=0 state=CIRCUIT_BREAKER
[23:43:03] eq=6.1388 pnl=-2.40% pos=0 state=CIRCUIT_BREAKER
[23:43:20] eq=6.1388 pnl=-2.40% pos=0 state=CIRCUIT_BREAKER
[23:43:40] eq=6.1388 pnl=-2.40% pos=0 state=CIRCUIT_BREAKER
[23:43:57] eq=6.1388 pnl=-2.40% pos=0 state=CIRCUIT_BREAKER
[23:44:14] eq=6.1388 pnl=-2.40% pos=0 state=CIRCUIT_BREAKER
[23:44:34] eq=6.1379 pnl=-2.41% pos=0 state=CIRCUIT_BREAKER
[23:44:52] eq=6.1379 pnl=-2.41% pos=0 state=CIRCUIT_BREAKER
[23:45:09] eq=6.1379 pnl=-2.41% pos=0 state=CIRCUIT_BREAKER
[23:45:29] eq=6.1379 pnl=-2.41% pos=0 state=CIRCUIT_BREAKER
[23:45:46] eq=6.1379 pnl=-2.41% pos=0 state=CIRCUIT_BREAKER
[23:46:03] eq=6.1379 pnl=-2.41% pos=0 state=CIRCUIT_BREAKER
[23:46:23] eq=6.1383 pnl=-2.40% pos=0 state=CIRCUIT_BREAKER
[23:46:41] eq=6.1383 pnl=-2.40% pos=0 state=CIRCUIT_BREAKER
[23:46:58] eq=6.1383 pnl=-2.40% pos=0 state=CIRCUIT_BREAKER
[23:47:18] eq=6.1383 pnl=-2.40% pos=0 state=CIRCUIT_BREAKER
[23:47:35] eq=6.1383 pnl=-2.40% pos=0 state=CIRCUIT_BREAKER
[23:47:53] eq=6.1383 pnl=-2.40% pos=0 state=CIRCUIT_BREAKER
[23:48:13] eq=6.1385 pnl=-2.40% pos=0 state=CIRCUIT_BREAKER
[23:48:30] eq=6.1385 pnl=-2.40% pos=0 state=CIRCUIT_BREAKER
[23:48:47] eq=6.1385 pnl=-2.40% pos=0 state=CIRCUIT_BREAKER
[23:49:07] eq=6.1385 pnl=-2.40% pos=0 state=CIRCUIT_BREAKER
[23:49:24] eq=6.1385 pnl=-2.40% pos=0 state=CIRCUIT_BREAKER
[23:49:42] eq=6.1385 pnl=-2.40% pos=0 state=CIRCUIT_BREAKER
[23:50:02] eq=6.1385 pnl=-2.40% pos=0 state=CIRCUIT_BREAKER
[23:50:19] eq=6.1372 pnl=-2.42% pos=0 state=CIRCUIT_BREAKER
[23:50:36] eq=6.1372 pnl=-2.42% pos=0 state=CIRCUIT_BREAKER
[23:50:56] eq=6.1372 pnl=-2.42% pos=0 state=CIRCUIT_BREAKER
[23:51:14] eq=6.1372 pnl=-2.42% pos=0 state=CIRCUIT_BREAKER
[23:51:31] eq=6.1372 pnl=-2.42% pos=0 state=CIRCUIT_BREAKER
[23:51:51] eq=6.1372 pnl=-2.42% pos=0 state=CIRCUIT_BREAKER
[23:52:08] eq=6.1380 pnl=-2.41% pos=0 state=CIRCUIT_BREAKER
[23:52:25] eq=6.1380 pnl=-2.41% pos=0 state=CIRCUIT_BREAKER
[23:52:45] eq=6.1380 pnl=-2.41% pos=0 state=CIRCUIT_BREAKER
[23:53:03] eq=6.1380 pnl=-2.41% pos=0 state=CIRCUIT_BREAKER
[23:53:20] eq=6.1380 pnl=-2.41% pos=0 state=CIRCUIT_BREAKER
[23:53:40] eq=6.1380 pnl=-2.41% pos=0 state=CIRCUIT_BREAKER
[23:53:57] eq=6.1382 pnl=-2.41% pos=0 state=CIRCUIT_BREAKER
[23:54:14] eq=6.1382 pnl=-2.41% pos=0 state=CIRCUIT_BREAKER
[23:54:34] eq=6.1382 pnl=-2.41% pos=0 state=CIRCUIT_BREAKER
[23:54:52] eq=6.1382 pnl=-2.41% pos=0 state=CIRCUIT_BREAKER
[23:55:09] eq=6.1382 pnl=-2.41% pos=0 state=CIRCUIT_BREAKER
[23:55:29] eq=6.1382 pnl=-2.41% pos=0 state=CIRCUIT_BREAKER
[23:55:46] eq=6.1382 pnl=-2.40% pos=0 state=CIRCUIT_BREAKER
[23:56:04] eq=6.1382 pnl=-2.40% pos=0 state=CIRCUIT_BREAKER
[23:56:24] eq=6.1382 pnl=-2.40% pos=0 state=CIRCUIT_BREAKER
[23:56:41] eq=6.1382 pnl=-2.40% pos=0 state=CIRCUIT_BREAKER
[23:56:58] eq=6.1382 pnl=-2.40% pos=0 state=CIRCUIT_BREAKER
[23:57:18] eq=6.1382 pnl=-2.40% pos=0 state=CIRCUIT_BREAKER
[23:57:35] eq=6.1384 pnl=-2.40% pos=0 state=CIRCUIT_BREAKER
[23:57:53] eq=6.1384 pnl=-2.40% pos=0 state=CIRCUIT_BREAKER
[23:58:13] eq=6.1384 pnl=-2.40% pos=0 state=CIRCUIT_BREAKER
[23:58:30] eq=6.1384 pnl=-2.40% pos=0 state=CIRCUIT_BREAKER
[23:58:47] eq=6.1384 pnl=-2.40% pos=0 state=CIRCUIT_BREAKER
[23:59:07] eq=6.1384 pnl=-2.40% pos=0 state=CIRCUIT_BREAKER
[23:59:24] eq=6.1383 pnl=-2.40% pos=0 state=CIRCUIT_BREAKER
[23:59:42] eq=6.1383 pnl=-2.40% pos=0 state=CIRCUIT_BREAKER
[00:00:02] eq=6.1383 pnl=-2.40% pos=0 state=CIRCUIT_BREAKER
[00:00:23] eq=6.1383 pnl=-2.40% pos=0 state=CIRCUIT_BREAKER
[00:00:36] eq=6.1383 pnl=-2.40% pos=0 state=CIRCUIT_BREAKER
[00:00:56] eq=6.1383 pnl=-2.40% pos=0 state=CIRCUIT_BREAKER
[00:01:14] eq=6.1386 pnl=+0.00% pos=0 state=OK
[00:01:31] eq=6.1386 pnl=+0.00% pos=0 state=OK
[00:01:51] eq=6.1386 pnl=+0.00% pos=0 state=OK
[00:02:08] eq=6.1386 pnl=+0.00% pos=0 state=OK
[00:02:25] eq=6.1386 pnl=+0.00% pos=0 state=OK
[00:02:45] eq=6.1386 pnl=+0.00% pos=0 state=OK
[00:03:03] eq=6.1305 pnl=-0.13% pos=1 state=OK
[00:03:03] cambio posiciones: 0 -> 1
[00:03:20] eq=6.1305 pnl=-0.13% pos=1 state=OK
[00:03:40] eq=6.1305 pnl=-0.13% pos=1 state=OK
[00:03:57] eq=6.1305 pnl=-0.13% pos=1 state=OK
[00:04:14] eq=6.1305 pnl=-0.13% pos=1 state=OK
[00:04:34] eq=6.1305 pnl=-0.13% pos=1 state=OK
[00:04:52] eq=6.1476 pnl=+0.15% pos=1 state=OK
[00:05:09] eq=6.1476 pnl=+0.15% pos=1 state=OK
[00:05:29] eq=6.1476 pnl=+0.15% pos=1 state=OK
[00:05:46] eq=6.1476 pnl=+0.15% pos=1 state=OK
[00:06:03] eq=6.1476 pnl=+0.15% pos=1 state=OK
[00:06:23] eq=6.1476 pnl=+0.15% pos=1 state=OK
[00:06:41] eq=6.1504 pnl=+0.19% pos=1 state=OK
[00:06:58] eq=6.1504 pnl=+0.19% pos=1 state=OK
[00:07:18] eq=6.1504 pnl=+0.19% pos=1 state=OK
[00:07:35] eq=6.1504 pnl=+0.19% pos=1 state=OK
[00:07:53] eq=6.1504 pnl=+0.19% pos=1 state=OK
[00:08:13] eq=6.1504 pnl=+0.19% pos=1 state=OK
[00:08:30] eq=6.1209 pnl=-0.29% pos=0 state=OK
[00:08:30] cambio posiciones: 1 -> 0
[00:08:47] eq=6.1209 pnl=-0.29% pos=0 state=OK
[00:09:07] eq=6.1209 pnl=-0.29% pos=0 state=OK
[00:09:24] eq=6.1209 pnl=-0.29% pos=0 state=OK
[00:09:42] eq=6.1209 pnl=-0.29% pos=0 state=OK
[00:10:02] eq=6.1209 pnl=-0.29% pos=0 state=OK
[00:10:19] eq=6.1203 pnl=-0.30% pos=0 state=OK
[00:10:36] eq=6.1203 pnl=-0.30% pos=0 state=OK
[00:10:56] eq=6.1203 pnl=-0.30% pos=0 state=OK
[00:11:13] eq=6.1203 pnl=-0.30% pos=0 state=OK
[00:11:31] eq=6.1203 pnl=-0.30% pos=0 state=OK
[00:11:51] eq=6.1203 pnl=-0.30% pos=0 state=OK
[00:12:08] eq=6.1215 pnl=-0.28% pos=0 state=OK
[00:12:25] eq=6.1215 pnl=-0.28% pos=0 state=OK
[00:12:45] eq=6.1215 pnl=-0.28% pos=0 state=OK
[00:13:03] eq=6.1215 pnl=-0.28% pos=0 state=OK
[00:13:20] eq=6.1215 pnl=-0.28% pos=0 state=OK
[00:13:40] eq=6.1215 pnl=-0.28% pos=0 state=OK
[00:13:57] eq=6.1216 pnl=-0.28% pos=0 state=OK
[00:14:14] eq=6.1216 pnl=-0.28% pos=0 state=OK
[00:14:34] eq=6.1216 pnl=-0.28% pos=0 state=OK
[00:14:52] eq=6.1216 pnl=-0.28% pos=0 state=OK
[00:15:09] eq=6.1216 pnl=-0.28% pos=0 state=OK
[00:15:29] eq=6.1216 pnl=-0.28% pos=0 state=OK
[00:15:46] eq=6.1215 pnl=-0.28% pos=0 state=OK
[00:16:03] eq=6.1215 pnl=-0.28% pos=0 state=OK
[00:16:23] eq=6.1215 pnl=-0.28% pos=0 state=OK
[00:16:41] eq=6.1215 pnl=-0.28% pos=0 state=OK
[00:16:58] eq=6.1215 pnl=-0.28% pos=0 state=OK
[00:17:18] eq=6.1215 pnl=-0.28% pos=0 state=OK
[00:17:35] eq=6.1216 pnl=-0.28% pos=0 state=OK
[00:17:53] eq=6.1216 pnl=-0.28% pos=0 state=OK
[00:18:13] eq=6.1216 pnl=-0.28% pos=0 state=OK
[00:18:30] eq=6.1216 pnl=-0.28% pos=0 state=OK
[00:18:47] eq=6.1216 pnl=-0.28% pos=0 state=OK
[00:19:07] eq=6.1216 pnl=-0.28% pos=0 state=OK
[00:19:24] eq=6.1216 pnl=-0.28% pos=0 state=OK
[00:19:42] eq=6.1216 pnl=-0.28% pos=0 state=OK
[00:20:02] eq=6.1216 pnl=-0.28% pos=0 state=OK
[00:20:19] eq=6.1216 pnl=-0.28% pos=0 state=OK
[00:20:36] eq=6.1216 pnl=-0.28% pos=0 state=OK
[00:20:56] eq=6.1216 pnl=-0.28% pos=0 state=OK
[00:21:13] eq=6.1211 pnl=-0.29% pos=0 state=OK
[00:21:31] eq=6.1211 pnl=-0.29% pos=0 state=OK
[00:21:51] eq=6.1211 pnl=-0.29% pos=0 state=OK
[00:22:08] eq=6.1211 pnl=-0.29% pos=0 state=OK
[00:22:25] eq=6.1211 pnl=-0.29% pos=0 state=OK
[00:22:45] eq=6.1211 pnl=-0.29% pos=0 state=OK
[00:23:03] eq=6.1211 pnl=-0.29% pos=0 state=OK
[00:23:20] eq=6.1211 pnl=-0.29% pos=0 state=OK
[00:23:40] eq=6.1211 pnl=-0.29% pos=0 state=OK
[00:23:57] eq=6.1211 pnl=-0.29% pos=0 state=OK
[00:24:14] eq=6.1211 pnl=-0.29% pos=0 state=OK
[00:24:34] eq=6.1211 pnl=-0.29% pos=0 state=OK
[00:24:52] eq=6.1205 pnl=-0.29% pos=0 state=OK
[00:25:09] eq=6.1205 pnl=-0.29% pos=0 state=OK
[00:25:29] eq=6.1205 pnl=-0.29% pos=0 state=OK
[00:25:46] eq=6.1205 pnl=-0.29% pos=0 state=OK
[00:26:03] eq=6.1205 pnl=-0.29% pos=0 state=OK
[00:26:23] eq=6.1205 pnl=-0.29% pos=0 state=OK
[00:26:41] eq=6.1207 pnl=-0.29% pos=0 state=OK
[00:26:58] eq=6.1207 pnl=-0.29% pos=0 state=OK
[00:27:18] eq=6.1207 pnl=-0.29% pos=0 state=OK
[00:27:35] eq=6.1207 pnl=-0.29% pos=0 state=OK
[00:27:53] eq=6.1207 pnl=-0.29% pos=0 state=OK
[00:28:13] eq=6.1207 pnl=-0.29% pos=0 state=OK
[00:28:30] eq=6.1212 pnl=-0.28% pos=0 state=OK
[00:28:47] eq=6.1212 pnl=-0.28% pos=0 state=OK
[00:29:07] eq=6.1212 pnl=-0.28% pos=0 state=OK
[00:29:24] eq=6.1212 pnl=-0.28% pos=0 state=OK
[00:29:42] eq=6.1212 pnl=-0.28% pos=0 state=OK
[00:30:02] eq=6.1212 pnl=-0.28% pos=0 state=OK
[00:30:19] eq=6.1212 pnl=-0.28% pos=0 state=OK
[00:30:36] eq=6.1217 pnl=-0.28% pos=0 state=OK
[00:30:56] eq=6.1217 pnl=-0.28% pos=0 state=OK
[00:31:14] eq=6.1217 pnl=-0.28% pos=0 state=OK
[00:31:31] eq=6.1217 pnl=-0.28% pos=0 state=OK
[00:31:51] eq=6.1217 pnl=-0.28% pos=0 state=OK
[00:32:08] eq=6.1217 pnl=-0.28% pos=0 state=OK
[00:32:25] eq=6.1214 pnl=-0.28% pos=0 state=OK
[00:32:45] eq=6.1214 pnl=-0.28% pos=0 state=OK
[00:33:03] eq=6.1214 pnl=-0.28% pos=0 state=OK
[00:33:20] eq=6.1214 pnl=-0.28% pos=0 state=OK
[00:33:40] eq=6.1214 pnl=-0.28% pos=0 state=OK
[00:33:57] eq=6.1214 pnl=-0.28% pos=0 state=OK
[00:34:14] eq=6.1214 pnl=-0.28% pos=0 state=OK
[00:34:34] eq=6.1214 pnl=-0.28% pos=0 state=OK
[00:34:52] eq=6.1214 pnl=-0.28% pos=0 state=OK
[00:35:09] eq=6.1214 pnl=-0.28% pos=0 state=OK
[00:35:29] eq=6.1214 pnl=-0.28% pos=0 state=OK
[00:35:46] eq=6.1214 pnl=-0.28% pos=0 state=OK
[00:36:04] eq=6.1218 pnl=-0.27% pos=0 state=OK
[00:36:24] eq=6.1218 pnl=-0.27% pos=0 state=OK
[00:36:41] eq=6.1218 pnl=-0.27% pos=0 state=OK
[00:36:58] eq=6.1218 pnl=-0.27% pos=0 state=OK
[00:37:18] eq=6.1218 pnl=-0.27% pos=0 state=OK
[00:37:35] eq=6.1218 pnl=-0.27% pos=0 state=OK
[00:37:53] eq=6.1217 pnl=-0.28% pos=0 state=OK
[00:38:13] eq=6.1217 pnl=-0.28% pos=0 state=OK
[00:38:30] eq=6.1217 pnl=-0.28% pos=0 state=OK
[00:38:47] eq=6.1217 pnl=-0.28% pos=0 state=OK
[00:39:07] eq=6.1217 pnl=-0.28% pos=0 state=OK
[00:39:25] eq=6.1217 pnl=-0.28% pos=0 state=OK
[00:39:42] eq=6.1210 pnl=-0.29% pos=0 state=OK
[00:40:02] eq=6.1210 pnl=-0.29% pos=0 state=OK
[00:40:19] eq=6.1210 pnl=-0.29% pos=0 state=OK
[00:40:36] eq=6.1210 pnl=-0.29% pos=0 state=OK
[00:40:56] eq=6.1210 pnl=-0.29% pos=0 state=OK
[00:41:14] eq=6.1210 pnl=-0.29% pos=0 state=OK
[00:41:31] eq=6.1220 pnl=-0.27% pos=0 state=OK
[00:41:51] eq=6.1220 pnl=-0.27% pos=0 state=OK
[00:42:08] eq=6.1220 pnl=-0.27% pos=0 state=OK
[00:42:25] eq=6.1220 pnl=-0.27% pos=0 state=OK
[00:42:45] eq=6.1220 pnl=-0.27% pos=0 state=OK
[00:43:03] eq=6.1220 pnl=-0.27% pos=0 state=OK
[00:43:20] eq=6.1214 pnl=-0.28% pos=0 state=OK
[00:43:40] eq=6.1214 pnl=-0.28% pos=0 state=OK
[00:43:57] eq=6.1214 pnl=-0.28% pos=0 state=OK
[00:44:15] eq=6.1214 pnl=-0.28% pos=0 state=OK
[00:44:35] eq=6.1214 pnl=-0.28% pos=0 state=OK
[00:44:52] eq=6.1214 pnl=-0.28% pos=0 state=OK
[00:45:09] eq=6.1207 pnl=-0.29% pos=0 state=OK
[00:45:29] eq=6.1207 pnl=-0.29% pos=0 state=OK
[00:45:46] eq=6.1207 pnl=-0.29% pos=0 state=OK
[00:46:04] eq=6.1207 pnl=-0.29% pos=0 state=OK
[00:46:24] eq=6.1207 pnl=-0.29% pos=0 state=OK
[00:46:41] eq=6.1207 pnl=-0.29% pos=0 state=OK
[00:46:58] eq=6.1203 pnl=-0.30% pos=0 state=OK
[00:47:18] eq=6.1203 pnl=-0.30% pos=0 state=OK
[00:47:36] eq=6.1203 pnl=-0.30% pos=0 state=OK
[00:47:53] eq=6.1203 pnl=-0.30% pos=0 state=OK
[00:48:13] eq=6.1203 pnl=-0.30% pos=0 state=OK
[00:48:30] eq=6.1203 pnl=-0.30% pos=0 state=OK
[00:48:47] eq=6.1205 pnl=-0.30% pos=0 state=OK
[00:49:07] eq=6.1205 pnl=-0.30% pos=0 state=OK
[00:49:25] eq=6.1205 pnl=-0.30% pos=0 state=OK
[00:49:42] eq=6.1205 pnl=-0.30% pos=0 state=OK
[00:50:02] eq=6.1205 pnl=-0.30% pos=0 state=OK
[00:50:19] eq=6.1205 pnl=-0.30% pos=0 state=OK
[00:50:36] eq=6.1200 pnl=-0.30% pos=0 state=OK
[00:50:56] eq=6.1200 pnl=-0.30% pos=0 state=OK
[00:51:14] eq=6.1200 pnl=-0.30% pos=0 state=OK
[00:51:31] eq=6.1200 pnl=-0.30% pos=0 state=OK
[00:51:51] eq=6.1200 pnl=-0.30% pos=0 state=OK
[00:52:08] eq=6.1200 pnl=-0.30% pos=0 state=OK
[00:52:26] eq=6.1206 pnl=-0.29% pos=0 state=OK
[00:52:46] eq=6.1206 pnl=-0.29% pos=0 state=OK
[00:53:03] eq=6.1206 pnl=-0.29% pos=0 state=OK
[00:53:20] eq=6.1206 pnl=-0.29% pos=0 state=OK
[00:53:40] eq=6.1206 pnl=-0.29% pos=0 state=OK
[00:53:57] eq=6.1206 pnl=-0.29% pos=0 state=OK
[00:54:15] eq=6.1219 pnl=-0.27% pos=0 state=OK
[00:54:35] eq=6.1219 pnl=-0.27% pos=0 state=OK
[00:54:52] eq=6.1219 pnl=-0.27% pos=0 state=OK
[00:55:09] eq=6.1219 pnl=-0.27% pos=0 state=OK
[00:55:29] eq=6.1219 pnl=-0.27% pos=0 state=OK
[00:55:47] eq=6.1219 pnl=-0.27% pos=0 state=OK
[00:56:04] eq=6.1207 pnl=-0.29% pos=0 state=OK
[00:56:24] eq=6.1207 pnl=-0.29% pos=0 state=OK
[00:56:41] eq=6.1207 pnl=-0.29% pos=0 state=OK
[00:56:58] eq=6.1207 pnl=-0.29% pos=0 state=OK
[00:57:18] eq=6.1207 pnl=-0.29% pos=0 state=OK
[00:57:36] eq=6.1207 pnl=-0.29% pos=0 state=OK
[00:57:53] eq=6.1214 pnl=-0.28% pos=0 state=OK
[00:58:13] eq=6.1214 pnl=-0.28% pos=0 state=OK
[00:58:30] eq=6.1214 pnl=-0.28% pos=0 state=OK
[00:58:47] eq=6.1214 pnl=-0.28% pos=0 state=OK
[00:59:07] eq=6.1214 pnl=-0.28% pos=0 state=OK
[00:59:25] eq=6.1214 pnl=-0.28% pos=0 state=OK
[00:59:42] eq=6.1206 pnl=-0.29% pos=0 state=OK
[01:00:02] eq=6.1206 pnl=-0.29% pos=0 state=OK
[01:00:19] eq=6.1206 pnl=-0.29% pos=0 state=OK
[01:00:37] eq=6.1206 pnl=-0.29% pos=0 state=OK
[01:00:57] eq=6.1206 pnl=-0.29% pos=0 state=OK
[01:01:14] eq=6.1206 pnl=-0.29% pos=0 state=OK
[01:01:31] eq=6.1214 pnl=-0.28% pos=0 state=OK
[01:01:51] eq=6.1214 pnl=-0.28% pos=0 state=OK
[01:02:08] eq=6.1214 pnl=-0.28% pos=0 state=OK
[01:02:26] eq=6.1214 pnl=-0.28% pos=0 state=OK
[01:02:46] eq=6.1214 pnl=-0.28% pos=0 state=OK
[01:03:03] eq=6.1214 pnl=-0.28% pos=0 state=OK
[01:03:20] eq=6.1210 pnl=-0.29% pos=0 state=OK
[01:03:40] eq=6.1210 pnl=-0.29% pos=0 state=OK
[01:03:57] eq=6.1210 pnl=-0.29% pos=0 state=OK
[01:04:15] eq=6.1210 pnl=-0.29% pos=0 state=OK
[01:04:35] eq=6.1210 pnl=-0.29% pos=0 state=OK
[01:04:52] eq=6.1210 pnl=-0.29% pos=0 state=OK
[01:05:09] eq=6.1208 pnl=-0.29% pos=0 state=OK
[01:05:29] eq=6.1208 pnl=-0.29% pos=0 state=OK
[01:05:47] eq=6.1208 pnl=-0.29% pos=0 state=OK
[01:06:04] eq=6.1208 pnl=-0.29% pos=0 state=OK
[01:06:24] eq=6.1208 pnl=-0.29% pos=0 state=OK
[01:06:41] eq=6.1208 pnl=-0.29% pos=0 state=OK
[01:06:58] eq=6.1137 pnl=-0.41% pos=1 state=OK
[01:06:58] cambio posiciones: 0 -> 1
[01:07:18] eq=6.1137 pnl=-0.41% pos=1 state=OK
[01:07:36] eq=6.1137 pnl=-0.41% pos=1 state=OK
[01:07:53] eq=6.1137 pnl=-0.41% pos=1 state=OK
[01:08:13] eq=6.1137 pnl=-0.41% pos=1 state=OK
[01:08:30] eq=6.1137 pnl=-0.41% pos=1 state=OK
[01:08:47] eq=6.1256 pnl=-0.21% pos=2 state=OK
[01:08:47] cambio posiciones: 1 -> 2
[01:09:07] eq=6.1256 pnl=-0.21% pos=2 state=OK
[01:09:25] eq=6.1256 pnl=-0.21% pos=2 state=OK
[01:09:42] eq=6.1256 pnl=-0.21% pos=2 state=OK
[01:10:02] eq=6.1256 pnl=-0.21% pos=2 state=OK
[01:10:19] eq=6.1256 pnl=-0.21% pos=2 state=OK
[01:10:37] eq=6.1256 pnl=-0.21% pos=2 state=OK
[01:10:57] eq=6.1226 pnl=-0.26% pos=2 state=OK
[01:11:14] eq=6.1226 pnl=-0.26% pos=2 state=OK
[01:11:31] eq=6.1226 pnl=-0.26% pos=2 state=OK
[01:11:51] eq=6.1226 pnl=-0.26% pos=2 state=OK
[01:12:08] eq=6.1226 pnl=-0.26% pos=2 state=OK
[01:12:26] eq=6.1226 pnl=-0.26% pos=2 state=OK
[01:12:46] eq=6.0808 pnl=-0.94% pos=2 state=OK
[01:13:03] eq=6.0808 pnl=-0.94% pos=2 state=OK
[01:13:20] eq=6.0808 pnl=-0.94% pos=2 state=OK
[01:13:40] eq=6.0808 pnl=-0.94% pos=2 state=OK
[01:13:58] eq=6.0808 pnl=-0.94% pos=2 state=OK
[01:14:15] eq=6.0808 pnl=-0.94% pos=2 state=OK
[01:14:35] eq=6.0886 pnl=-0.82% pos=2 state=OK
[01:14:52] eq=6.0886 pnl=-0.82% pos=2 state=OK
[01:15:09] eq=6.0886 pnl=-0.82% pos=2 state=OK
[01:15:29] eq=6.0886 pnl=-0.82% pos=2 state=OK
[01:15:47] eq=6.0886 pnl=-0.82% pos=2 state=OK
[01:16:04] eq=6.0886 pnl=-0.82% pos=2 state=OK
[01:16:24] eq=6.0653 pnl=-1.20% pos=2 state=OK
[01:16:41] eq=6.0653 pnl=-1.20% pos=2 state=OK
[01:16:58] eq=6.0653 pnl=-1.20% pos=2 state=OK
[01:17:18] eq=6.0653 pnl=-1.20% pos=2 state=OK
[01:17:36] eq=6.0653 pnl=-1.20% pos=2 state=OK
[01:17:53] eq=6.0653 pnl=-1.20% pos=2 state=OK
[01:18:13] eq=6.1012 pnl=-0.61% pos=2 state=OK
[01:18:30] eq=6.1012 pnl=-0.61% pos=2 state=OK
[01:18:48] eq=6.1012 pnl=-0.61% pos=2 state=OK
[01:19:08] eq=6.1012 pnl=-0.61% pos=2 state=OK
[01:19:25] eq=6.1012 pnl=-0.61% pos=2 state=OK
[01:19:42] eq=6.1012 pnl=-0.61% pos=2 state=OK
[01:20:02] eq=6.0933 pnl=-0.74% pos=2 state=OK
[01:20:19] eq=6.0933 pnl=-0.74% pos=2 state=OK
[01:20:37] eq=6.0933 pnl=-0.74% pos=2 state=OK
[01:20:57] eq=6.0933 pnl=-0.74% pos=2 state=OK
[01:21:14] eq=6.0933 pnl=-0.74% pos=2 state=OK
[01:21:31] eq=6.0933 pnl=-0.74% pos=2 state=OK
[01:21:51] eq=6.0743 pnl=-1.05% pos=2 state=OK
[01:22:13] eq=6.0743 pnl=-1.05% pos=2 state=OK
[01:22:26] eq=6.0743 pnl=-1.05% pos=2 state=OK
