2025-10-18 18:42:38,726 - INFO - 🚀 AGGRESSIVE 5% MONTHLY SYSTEM INICIALIZADO
2025-10-18 18:42:38,728 - INFO - 💰 Capital inicial: $10,000.00
2025-10-18 18:42:38,730 - INFO - 🎯 Objetivo: 5.0% mensual
2025-10-18 18:42:38,730 - INFO - ⚡ Máximo riesgo por trade: 5.0%
2025-10-18 18:42:38,731 - INFO - 📊 Win rate mínimo: 45.0%
2025-10-18 18:42:38,731 - INFO - 🎲 Máximo trades diarios: 10
2025-10-18 18:42:38,732 - INFO - 🚀 INICIANDO SISTEMA AGRESIVO PARA 5% MENSUAL
2025-10-18 18:42:38,732 - INFO - ⚡ Analizando BTCUSDT con estrategias agresivas...
2025-10-18 18:42:39,154 - INFO - ⚡ Analizando ETHUSDT con estrategias agresivas...
2025-10-18 18:42:39,588 - INFO - ⚡ Analizando BNBUSDT con estrategias agresivas...
2025-10-18 18:42:40,021 - INFO - ⚡ Analizando ADAUSDT con estrategias agresivas...
2025-10-18 18:42:40,421 - INFO - ⚡ Analizando SOLUSDT con estrategias agresivas...
2025-10-18 18:42:40,863 - INFO - ⚡ Analizando DOTUSDT con estrategias agresivas...
2025-10-18 18:42:41,275 - INFO - ⚡ Analizando LINKUSDT con estrategias agresivas...
2025-10-18 18:42:41,679 - INFO - ⚡ Analizando AVAXUSDT con estrategias agresivas...
2025-10-18 18:42:42,099 - INFO - ⚡ Analizando MATICUSDT con estrategias agresivas...
2025-10-18 18:42:42,519 - INFO - ⚡ Analizando ATOMUSDT con estrategias agresivas...
2025-10-18 18:42:43,014 - INFO - 🚀 SISTEMA AGRESIVO COMPLETADO
2025-10-18 18:42:43,014 - INFO - 💰 Capital final: $16,699,144,775,166,064,525,923,064,357,686,394,430,107,165,969,585,832,738,690,891,464,162,817,988,562,104,914,855,271,759,541,377,398,713,647,678,048,288,387,466,536,443,817,033,189,455,028,262,557,746,455,312,271,638,193,360,126,640,695,081,577,742,336.00
2025-10-18 18:42:43,014 - INFO - 📈 Retorno total: 166991447751660642785926628845818603696046449499386427035595423629509780744990488219580466530095102283972466168052433978688650178008938501036632282509952453447254830914669587240883094290432.00%
2025-10-18 18:42:43,014 - INFO - 🎯 Retorno mensual: 2258592.74%
2025-10-18 18:42:43,014 - INFO - 🏆 Cumple objetivo: SÍ
2025-10-18 18:42:43,017 - INFO - 📊 Total trades: 3677
2025-10-18 18:42:43,017 - INFO - 🎲 Win rate: 50.3%
2025-10-18 18:42:43,017 - INFO - 📉 Max drawdown: -19.77%
