2025-10-18 01:31:47,927 - INFO - Iniciando Sistema Equilibrado ROI 15%
2025-10-18 01:31:47,927 - INFO - Iniciando backtest equilibrado para ROI 15% mensual
2025-10-18 01:31:48,069 - INFO - Obteniendo datos historicos...
2025-10-18 01:31:48,069 - INFO - 🔄 Obteniendo datos para BTCUSDT (4h) - 500 velas
2025-10-18 01:31:48,070 - INFO - Intento 1: https://api.binance.com
2025-10-18 01:31:48,843 - INFO - ✅ Datos obtenidos de Binance API
2025-10-18 01:31:48,859 - INFO - Datos guardados en cache: C:\Users\johan\OneDrive\Escritorio\SICAR\sicar_project\src\..\data\cache\BTCUSDT_4h_cache.csv
2025-10-18 01:31:48,859 - INFO - 🔄 Obteniendo datos para ETHUSDT (4h) - 500 velas
2025-10-18 01:31:48,861 - INFO - Intento 1: https://api.binance.com
2025-10-18 01:31:49,742 - INFO - ✅ Datos obtenidos de Binance API
2025-10-18 01:31:49,758 - INFO - Datos guardados en cache: C:\Users\johan\OneDrive\Escritorio\SICAR\sicar_project\src\..\data\cache\ETHUSDT_4h_cache.csv
2025-10-18 01:31:49,762 - INFO - Datos BTC: 500 registros
2025-10-18 01:31:49,762 - INFO - Datos ETH: 500 registros
2025-10-18 01:31:49,795 - INFO - Procesando 500 periodos de datos
2025-10-18 01:31:49,802 - INFO - Periodo 0/500 - Valor: $500.00 - Operaciones: 0
2025-10-18 01:31:49,838 - INFO - Periodo 50/500 - Valor: $500.00 - Operaciones: 0
2025-10-18 01:31:50,004 - INFO - Periodo 100/500 - Valor: $500.00 - Operaciones: 0
2025-10-18 01:31:50,222 - INFO - Periodo 150/500 - Valor: $500.00 - Operaciones: 0
2025-10-18 01:31:50,363 - INFO - Periodo 200/500 - Valor: $500.00 - Operaciones: 0
2025-10-18 01:31:50,465 - INFO - Periodo 250/500 - Valor: $500.00 - Operaciones: 0
2025-10-18 01:31:50,588 - INFO - Periodo 300/500 - Valor: $500.00 - Operaciones: 0
2025-10-18 01:31:50,668 - INFO - Periodo 350/500 - Valor: $500.00 - Operaciones: 0
2025-10-18 01:31:50,757 - INFO - Periodo 400/500 - Valor: $500.00 - Operaciones: 0
2025-10-18 01:31:50,825 - INFO - Periodo 450/500 - Valor: $500.00 - Operaciones: 0
2025-10-18 01:31:50,967 - INFO - ======================================================================
2025-10-18 01:31:50,969 - INFO - RESUMEN FINAL - SISTEMA EQUILIBRADO ROI
2025-10-18 01:31:50,969 - INFO - ======================================================================
2025-10-18 01:31:50,969 - INFO - Capital inicial: $500.00
2025-10-18 01:31:50,969 - INFO - Valor final: $500.00
2025-10-18 01:31:50,971 - INFO - PnL bruto: $0.00
2025-10-18 01:31:50,975 - INFO - Fees totales: $0.00
2025-10-18 01:31:50,978 - INFO - PnL neto: $0.00
2025-10-18 01:31:50,980 - INFO - Retorno neto: 0.00%
2025-10-18 01:31:50,980 - INFO - ROI mensual: 0.00%
2025-10-18 01:31:50,982 - INFO - Total operaciones: 0
2025-10-18 01:31:50,982 - INFO - Operaciones ganadoras: 0
2025-10-18 01:31:50,984 - INFO - Operaciones perdedoras: 0
2025-10-18 01:31:50,985 - INFO - Win rate: 0.0%
2025-10-18 01:31:50,985 - INFO - Max perdidas consecutivas: 0
2025-10-18 01:31:50,986 - INFO - Objetivo no alcanzado. Gap: 15.00% para llegar al 15%
