2025-10-18 18:46:55,356 - INFO - 🚀 FINAL OPTIMIZED 5% MONTHLY SYSTEM INICIALIZADO
2025-10-18 18:46:55,356 - INFO - 💰 Capital inicial: $10,000.00
2025-10-18 18:46:55,365 - INFO - 🎯 Objetivo: 5.0% mensual
2025-10-18 18:46:55,365 - INFO - 🛡️ Máximo riesgo por trade: 1.5%
2025-10-18 18:46:55,365 - INFO - 📊 Win rate mínimo: 70.0%
2025-10-18 18:46:55,365 - INFO - 🔄 Compounding inteligente activado
2025-10-18 18:46:55,365 - INFO - 🚀 INICIANDO SISTEMA FINAL OPTIMIZADO PARA 5% MENSUAL
2025-10-18 18:46:55,365 - INFO - 💎 Analizando BTCUSDT con configuración premium...
2025-10-18 18:46:56,174 - INFO - 💎 Analizando ETHUSDT con configuración premium...
2025-10-18 18:46:56,951 - INFO - 💎 Analizando BNBUSDT con configuración premium...
2025-10-18 18:46:57,768 - INFO - 🚀 SISTEMA FINAL COMPLETADO
2025-10-18 18:46:57,768 - INFO - 💰 Capital final: $10,000.00
2025-10-18 18:46:57,768 - INFO - 📈 Retorno total: 0.00%
2025-10-18 18:46:57,768 - INFO - 🎯 Retorno mensual: 0.00%
2025-10-18 18:46:57,768 - INFO - 🏆 Cumple objetivo: ❌ NO
2025-10-18 18:46:57,770 - INFO - 📊 Total trades: 0
2025-10-18 18:46:57,770 - INFO - 🎲 Win rate: 0.0%
2025-10-18 18:46:57,772 - INFO - 📉 Max drawdown: 0.00%
2025-10-18 18:46:57,772 - INFO - ⚡ Sharpe ratio: 0.00
2025-10-18 18:46:57,772 - INFO - 💎 Profit factor: 0.00
