2025-10-18 17:36:09,755 - INFO - Optimizador hibrido inicializado con criterios flexibles
2025-10-18 17:36:09,756 - INFO - Periodo de datos: 180 dias
2025-10-18 17:36:09,756 - INFO - Minimo trades requeridos: 20
2025-10-18 17:36:09,756 - INFO - Validacion out-of-sample: 20%
2025-10-18 17:36:09,756 - INFO - Descargando 6 MESES de datos historicos REALES...
2025-10-18 17:36:09,757 - INFO - Obteniendo datos REALES de Binance para BTCUSDT (180 dias)
2025-10-18 17:36:10,573 - INFO - Obtenidos 1000 registros REALES para BTCUSDT
2025-10-18 17:36:10,573 - INFO - Obteniendo datos REALES de Binance para ETHUSDT (180 dias)
2025-10-18 17:36:11,411 - INFO - Obtenidos 1000 registros REALES para ETHUSDT
2025-10-18 17:36:11,411 - INFO - Obteniendo datos REALES de Binance para BNBUSDT (180 dias)
2025-10-18 17:36:12,283 - INFO - Obtenidos 1000 registros REALES para BNBUSDT
2025-10-18 17:36:12,283 - INFO - Obteniendo datos REALES de Binance para ADAUSDT (180 dias)
2025-10-18 17:36:13,463 - INFO - Obtenidos 1000 registros REALES para ADAUSDT
2025-10-18 17:36:13,463 - INFO - Obteniendo datos REALES de Binance para SOLUSDT (180 dias)
2025-10-18 17:36:14,325 - INFO - Obtenidos 1000 registros REALES para SOLUSDT
2025-10-18 17:36:14,325 - INFO - Obteniendo datos REALES de Binance para XRPUSDT (180 dias)
2025-10-18 17:36:15,298 - INFO - Obtenidos 1000 registros REALES para XRPUSDT
2025-10-18 17:36:15,298 - INFO - Obteniendo datos REALES de Binance para DOTUSDT (180 dias)
2025-10-18 17:36:16,099 - INFO - Obtenidos 1000 registros REALES para DOTUSDT
2025-10-18 17:36:16,099 - INFO - Obteniendo datos REALES de Binance para LINKUSDT (180 dias)
2025-10-18 17:36:17,361 - INFO - Obtenidos 1000 registros REALES para LINKUSDT
2025-10-18 17:36:17,361 - INFO - Obteniendo datos REALES de Binance para LTCUSDT (180 dias)
2025-10-18 17:36:18,171 - INFO - Obtenidos 1000 registros REALES para LTCUSDT
2025-10-18 17:36:18,178 - INFO - Obteniendo datos REALES de Binance para AVAXUSDT (180 dias)
2025-10-18 17:36:18,976 - INFO - Obtenidos 1000 registros REALES para AVAXUSDT
2025-10-18 17:36:18,978 - INFO - Total: 10000 registros de datos REALES descargados
2025-10-18 17:36:18,980 - INFO - Iniciando optimizacion HIBRIDA con datos REALES extendidos
2025-10-18 17:36:18,980 - INFO - Protecciones anti-sobreoptimizacion MEJORADAS
2025-10-18 17:36:18,982 - INFO - Probando 30 combinaciones hibridas
2025-10-18 17:36:18,982 - INFO - Optimizacion hibrida 1/30
2025-10-18 17:36:25,674 - INFO - Optimizacion hibrida 2/30
2025-10-18 17:36:31,938 - INFO - Optimizacion hibrida 3/30
2025-10-18 17:36:37,778 - INFO - Optimizacion hibrida 4/30
2025-10-18 17:36:44,347 - INFO - Optimizacion hibrida 5/30
2025-10-18 17:36:50,428 - INFO - Optimizacion hibrida 6/30
2025-10-18 17:36:55,777 - INFO - Optimizacion hibrida 7/30
2025-10-18 17:37:01,502 - INFO - Optimizacion hibrida 8/30
2025-10-18 17:37:07,104 - INFO - Optimizacion hibrida 9/30
2025-10-18 17:37:12,540 - INFO - Optimizacion hibrida 10/30
2025-10-18 17:37:18,199 - INFO - Optimizacion hibrida 11/30
2025-10-18 17:37:23,412 - INFO - Optimizacion hibrida 12/30
2025-10-18 17:37:29,683 - INFO - Optimizacion hibrida 13/30
2025-10-18 17:37:34,945 - INFO - Optimizacion hibrida 14/30
2025-10-18 17:37:40,050 - INFO - Optimizacion hibrida 15/30
2025-10-18 17:37:46,208 - INFO - Optimizacion hibrida 16/30
2025-10-18 17:37:51,855 - INFO - Optimizacion hibrida 17/30
2025-10-18 17:37:57,277 - INFO - Optimizacion hibrida 18/30
2025-10-18 17:38:02,467 - INFO - Optimizacion hibrida 19/30
2025-10-18 17:38:07,732 - INFO - Optimizacion hibrida 20/30
2025-10-18 17:38:14,726 - INFO - Optimizacion hibrida 21/30
2025-10-18 17:38:20,700 - INFO - Optimizacion hibrida 22/30
2025-10-18 17:38:27,367 - INFO - Optimizacion hibrida 23/30
2025-10-18 17:38:33,025 - INFO - Optimizacion hibrida 24/30
2025-10-18 17:38:38,170 - INFO - Optimizacion hibrida 25/30
2025-10-18 17:38:44,087 - INFO - Optimizacion hibrida 26/30
2025-10-18 17:38:49,561 - INFO - Optimizacion hibrida 27/30
2025-10-18 17:38:54,823 - INFO - Optimizacion hibrida 28/30
2025-10-18 17:39:00,771 - INFO - Optimizacion hibrida 29/30
2025-10-18 17:39:06,264 - INFO - Optimizacion hibrida 30/30
2025-10-18 17:39:12,613 - INFO - Optimizacion hibrida completada. 30 configuraciones validas
2025-10-18 17:39:12,624 - INFO - Resultados guardados en: hybrid_optimization_results_20251018_173912.json
2025-10-18 17:39:12,624 - INFO - Optimizacion hibrida completada
2025-10-18 18:04:06,870 - INFO - Optimizador hibrido inicializado con criterios flexibles
2025-10-18 18:04:06,871 - INFO - Periodo de datos: 180 dias
2025-10-18 18:04:06,871 - INFO - Minimo trades requeridos: 20
2025-10-18 18:04:06,872 - INFO - Validacion out-of-sample: 20%
2025-10-18 18:04:06,872 - INFO - Descargando 6 MESES de datos historicos REALES...
2025-10-18 18:04:06,872 - INFO - Obteniendo datos REALES de Binance para BTCUSDT (180 dias)
2025-10-18 18:04:07,853 - INFO - Obtenidos 1000 registros REALES para BTCUSDT
2025-10-18 18:04:07,854 - INFO - Obteniendo datos REALES de Binance para ETHUSDT (180 dias)
2025-10-18 18:04:08,879 - INFO - Obtenidos 1000 registros REALES para ETHUSDT
2025-10-18 18:04:08,880 - INFO - Obteniendo datos REALES de Binance para BNBUSDT (180 dias)
2025-10-18 18:04:10,042 - INFO - Obtenidos 1000 registros REALES para BNBUSDT
2025-10-18 18:04:10,043 - INFO - Obteniendo datos REALES de Binance para ADAUSDT (180 dias)
2025-10-18 18:04:10,995 - INFO - Obtenidos 1000 registros REALES para ADAUSDT
2025-10-18 18:04:10,996 - INFO - Obteniendo datos REALES de Binance para SOLUSDT (180 dias)
2025-10-18 18:04:11,944 - INFO - Obtenidos 1000 registros REALES para SOLUSDT
2025-10-18 18:04:11,945 - INFO - Obteniendo datos REALES de Binance para XRPUSDT (180 dias)
2025-10-18 18:04:13,669 - INFO - Obtenidos 1000 registros REALES para XRPUSDT
2025-10-18 18:04:13,672 - INFO - Obteniendo datos REALES de Binance para DOTUSDT (180 dias)
2025-10-18 18:04:14,605 - INFO - Obtenidos 1000 registros REALES para DOTUSDT
2025-10-18 18:04:14,606 - INFO - Obteniendo datos REALES de Binance para LINKUSDT (180 dias)
2025-10-18 18:04:15,825 - INFO - Obtenidos 1000 registros REALES para LINKUSDT
2025-10-18 18:04:15,826 - INFO - Obteniendo datos REALES de Binance para LTCUSDT (180 dias)
2025-10-18 18:04:16,886 - INFO - Obtenidos 1000 registros REALES para LTCUSDT
2025-10-18 18:04:16,887 - INFO - Obteniendo datos REALES de Binance para AVAXUSDT (180 dias)
2025-10-18 18:04:17,900 - INFO - Obtenidos 1000 registros REALES para AVAXUSDT
2025-10-18 18:04:17,902 - INFO - Total: 10000 registros de datos REALES descargados
2025-10-18 18:04:17,906 - INFO - Iniciando optimizacion HIBRIDA con datos REALES extendidos
2025-10-18 18:04:17,907 - INFO - Protecciones anti-sobreoptimizacion MEJORADAS
2025-10-18 18:04:17,909 - INFO - Probando 30 combinaciones hibridas
2025-10-18 18:04:17,912 - INFO - Optimizacion hibrida 1/30
2025-10-18 18:04:23,770 - INFO - Optimizacion hibrida 2/30
2025-10-18 18:04:29,257 - INFO - Optimizacion hibrida 3/30
2025-10-18 18:04:35,805 - INFO - Optimizacion hibrida 4/30
2025-10-18 18:04:41,477 - INFO - Optimizacion hibrida 5/30
2025-10-18 18:04:47,669 - INFO - Optimizacion hibrida 6/30
2025-10-18 18:04:52,963 - INFO - Optimizacion hibrida 7/30
2025-10-18 18:04:59,060 - INFO - Optimizacion hibrida 8/30
2025-10-18 18:05:06,058 - INFO - Optimizacion hibrida 9/30
2025-10-18 18:05:11,712 - INFO - Optimizacion hibrida 10/30
2025-10-18 18:05:17,743 - INFO - Optimizacion hibrida 11/30
2025-10-18 18:05:23,199 - INFO - Optimizacion hibrida 12/30
2025-10-18 18:05:28,817 - INFO - Optimizacion hibrida 13/30
2025-10-18 18:05:34,775 - INFO - Optimizacion hibrida 14/30
2025-10-18 18:05:40,299 - INFO - Optimizacion hibrida 15/30
2025-10-18 18:05:45,617 - INFO - Optimizacion hibrida 16/30
2025-10-18 18:05:51,324 - INFO - Optimizacion hibrida 17/30
2025-10-18 18:05:56,754 - INFO - Optimizacion hibrida 18/30
2025-10-18 18:06:02,225 - INFO - Optimizacion hibrida 19/30
2025-10-18 18:06:08,270 - INFO - Optimizacion hibrida 20/30
2025-10-18 18:06:13,737 - INFO - Optimizacion hibrida 21/30
2025-10-18 18:06:19,148 - INFO - Optimizacion hibrida 22/30
2025-10-18 18:06:24,296 - INFO - Optimizacion hibrida 23/30
2025-10-18 18:06:29,657 - INFO - Optimizacion hibrida 24/30
2025-10-18 18:06:34,880 - INFO - Optimizacion hibrida 25/30
2025-10-18 18:06:40,113 - INFO - Optimizacion hibrida 26/30
2025-10-18 18:06:46,060 - INFO - Optimizacion hibrida 27/30
2025-10-18 18:06:51,358 - INFO - Optimizacion hibrida 28/30
2025-10-18 18:06:56,602 - INFO - Optimizacion hibrida 29/30
2025-10-18 18:07:01,965 - INFO - Optimizacion hibrida 30/30
2025-10-18 18:07:07,229 - INFO - Optimizacion hibrida completada. 30 configuraciones validas
2025-10-18 18:07:33,661 - INFO - Optimizador hibrido inicializado con criterios flexibles
2025-10-18 18:07:33,661 - INFO - Periodo de datos: 180 dias
2025-10-18 18:07:33,661 - INFO - Minimo trades requeridos: 20
2025-10-18 18:07:33,664 - INFO - Validacion out-of-sample: 20%
2025-10-18 18:07:33,664 - INFO - Descargando 6 MESES de datos historicos REALES...
2025-10-18 18:07:33,664 - INFO - Obteniendo datos REALES de Binance para BTCUSDT (180 dias)
2025-10-18 18:07:34,475 - INFO - Obtenidos 1000 registros REALES para BTCUSDT
2025-10-18 18:07:34,475 - INFO - Obteniendo datos REALES de Binance para ETHUSDT (180 dias)
2025-10-18 18:07:35,419 - INFO - Obtenidos 1000 registros REALES para ETHUSDT
2025-10-18 18:07:35,421 - INFO - Obteniendo datos REALES de Binance para BNBUSDT (180 dias)
2025-10-18 18:07:36,377 - INFO - Obtenidos 1000 registros REALES para BNBUSDT
2025-10-18 18:07:36,377 - INFO - Obteniendo datos REALES de Binance para ADAUSDT (180 dias)
2025-10-18 18:07:37,143 - INFO - Obtenidos 1000 registros REALES para ADAUSDT
2025-10-18 18:07:37,143 - INFO - Obteniendo datos REALES de Binance para SOLUSDT (180 dias)
2025-10-18 18:07:37,921 - INFO - Obtenidos 1000 registros REALES para SOLUSDT
2025-10-18 18:07:37,922 - INFO - Obteniendo datos REALES de Binance para XRPUSDT (180 dias)
2025-10-18 18:07:38,666 - INFO - Obtenidos 1000 registros REALES para XRPUSDT
2025-10-18 18:07:38,666 - INFO - Obteniendo datos REALES de Binance para DOTUSDT (180 dias)
2025-10-18 18:07:39,427 - INFO - Obtenidos 1000 registros REALES para DOTUSDT
2025-10-18 18:07:39,429 - INFO - Obteniendo datos REALES de Binance para LINKUSDT (180 dias)
2025-10-18 18:07:41,041 - INFO - Obtenidos 1000 registros REALES para LINKUSDT
2025-10-18 18:07:41,041 - INFO - Obteniendo datos REALES de Binance para LTCUSDT (180 dias)
2025-10-18 18:07:41,791 - INFO - Obtenidos 1000 registros REALES para LTCUSDT
2025-10-18 18:07:41,791 - INFO - Obteniendo datos REALES de Binance para AVAXUSDT (180 dias)
2025-10-18 18:07:42,567 - INFO - Obtenidos 1000 registros REALES para AVAXUSDT
2025-10-18 18:07:42,568 - INFO - Total: 10000 registros de datos REALES descargados
2025-10-18 18:07:42,570 - INFO - Iniciando optimizacion HIBRIDA con datos REALES extendidos
2025-10-18 18:07:42,570 - INFO - Protecciones anti-sobreoptimizacion MEJORADAS
2025-10-18 18:07:42,574 - INFO - Probando 30 combinaciones hibridas
2025-10-18 18:07:42,575 - INFO - Optimizacion hibrida 1/30
2025-10-18 18:07:48,124 - INFO - Optimizacion hibrida 2/30
2025-10-18 18:07:53,615 - INFO - Optimizacion hibrida 3/30
2025-10-18 18:07:59,357 - INFO - Optimizacion hibrida 4/30
2025-10-18 18:08:04,607 - INFO - Optimizacion hibrida 5/30
2025-10-18 18:08:09,696 - INFO - Optimizacion hibrida 6/30
2025-10-18 18:08:15,480 - INFO - Optimizacion hibrida 7/30
2025-10-18 18:08:20,575 - INFO - Optimizacion hibrida 8/30
2025-10-18 18:08:25,906 - INFO - Optimizacion hibrida 9/30
2025-10-18 18:08:31,599 - INFO - Optimizacion hibrida 10/30
2025-10-18 18:08:37,077 - INFO - Optimizacion hibrida 11/30
2025-10-18 18:08:42,505 - INFO - Optimizacion hibrida 12/30
2025-10-18 18:08:47,885 - INFO - Optimizacion hibrida 13/30
2025-10-18 18:08:53,622 - INFO - Optimizacion hibrida 14/30
2025-10-18 18:08:59,081 - INFO - Optimizacion hibrida 15/30
2025-10-18 18:09:04,818 - INFO - Optimizacion hibrida 16/30
2025-10-18 18:09:10,479 - INFO - Optimizacion hibrida 17/30
2025-10-18 18:09:16,694 - INFO - Optimizacion hibrida 18/30
2025-10-18 18:09:22,760 - INFO - Optimizacion hibrida 19/30
2025-10-18 18:09:28,539 - INFO - Optimizacion hibrida 20/30
2025-10-18 18:09:34,712 - INFO - Optimizacion hibrida 21/30
2025-10-18 18:09:40,641 - INFO - Optimizacion hibrida 22/30
2025-10-18 18:09:46,644 - INFO - Optimizacion hibrida 23/30
2025-10-18 18:09:52,437 - INFO - Optimizacion hibrida 24/30
2025-10-18 18:09:57,934 - INFO - Optimizacion hibrida 25/30
2025-10-18 18:10:03,348 - INFO - Optimizacion hibrida 26/30
2025-10-18 18:10:08,890 - INFO - Optimizacion hibrida 27/30
2025-10-18 18:10:14,332 - INFO - Optimizacion hibrida 28/30
2025-10-18 18:10:19,898 - INFO - Optimizacion hibrida 29/30
2025-10-18 18:10:26,303 - INFO - Optimizacion hibrida 30/30
2025-10-18 18:10:32,633 - INFO - Optimizacion hibrida completada. 30 configuraciones validas
2025-10-18 18:10:32,647 - INFO - Resultados guardados en: hybrid_optimization_results_20251018_181032.json
2025-10-18 18:10:32,647 - INFO - Optimizacion hibrida completada
