2025-10-23 02:29:31,646 - WARNING - Algunos módulos SICAR no están disponibles: No module named 'data_pipeline'
2025-10-23 02:29:31,646 - INFO - ================================================================================
2025-10-23 02:29:31,646 - INFO - 🤖 SICAR - Entrenamiento ML con Datos Recientes
2025-10-23 02:29:31,648 - INFO - ================================================================================
2025-10-23 02:29:31,650 - INFO - ✅ RecentDataMLTrainer inicializado
2025-10-23 02:29:31,650 - INFO - 🚀 Iniciando pipeline de entrenamiento con datos recientes...
2025-10-23 02:29:31,650 - ERROR - Error al inicializar cliente de Binance: Credenciales de Binance no encontradas en variables de entorno
2025-10-23 02:29:31,650 - WARNING - ⚠️ No se pudieron inicializar todos los componentes: Credenciales de Binance no encontradas en variables de entorno
2025-10-23 02:29:31,650 - INFO - 📊 Extrayendo datos recientes de análisis de patrones...
2025-10-23 02:29:31,712 - ERROR - ❌ Error extrayendo datos de patrones: 'ai_analysis'
2025-10-23 02:29:31,723 - INFO - 📈 Obteniendo datos históricos de Binance (30 días)...
2025-10-23 02:29:31,728 - WARNING - ⚠️ Data provider no disponible, usando datos simulados
2025-10-23 02:29:31,730 - INFO - 🔄 Generando datos simulados para entrenamiento...
2025-10-23 02:29:33,262 - INFO - ✅ Datos simulados generados para 20 pares símbolo-timeframe
2025-10-23 02:29:33,262 - INFO - 🔄 Preparando datos para entrenamiento...
2025-10-23 02:29:34,349 - INFO - ✅ Datos preparados: 277200 muestras, 9 características
2025-10-23 02:29:34,387 - INFO - 🤖 Entrenando modelos de Machine Learning...
2025-10-23 02:29:34,579 - INFO - 🌲 Entrenando Random Forest...
2025-10-23 02:30:00,687 - INFO - 🚀 Entrenando Gradient Boosting...
2025-10-23 02:34:25,346 - INFO - 📈 Entrenando Logistic Regression...
2025-10-23 02:34:25,699 - INFO - 📊 Resultados del entrenamiento:
2025-10-23 02:34:25,699 - INFO -   random_forest: 0.6015
2025-10-23 02:34:25,699 - INFO -   gradient_boosting: 0.6135
2025-10-23 02:34:25,701 - INFO -   logistic_regression: 0.5944
2025-10-23 02:34:25,701 - INFO - 🏆 Mejor modelo: gradient_boosting (0.6135)
2025-10-23 02:34:25,703 - INFO - 💾 Guardando modelos entrenados...
2025-10-23 02:34:25,749 - INFO - ✅ Modelo guardado: C:\Users\johan\OneDrive\Escritorio\SICAR\sicar_project\models\multi_timeframe_random_forest_20251023_023425.joblib
2025-10-23 02:34:25,762 - INFO - ✅ Modelo guardado: C:\Users\johan\OneDrive\Escritorio\SICAR\sicar_project\models\multi_timeframe_gradient_boosting_20251023_023425.joblib
2025-10-23 02:34:25,765 - INFO - ✅ Modelo guardado: C:\Users\johan\OneDrive\Escritorio\SICAR\sicar_project\models\multi_timeframe_logistic_regression_20251023_023425.joblib
2025-10-23 02:34:25,767 - INFO - ✅ Metadatos guardados: C:\Users\johan\OneDrive\Escritorio\SICAR\sicar_project\models\multi_timeframe_metadata_20251023_023425.json
2025-10-23 02:34:25,767 - INFO - ✅ Pipeline de entrenamiento completado exitosamente
2025-10-23 02:34:25,781 - INFO - 🎉 Entrenamiento completado exitosamente
2025-10-23 02:34:25,782 - INFO - ================================================================================
