2025-10-18 18:59:14,063 - INFO - 🚀 OPTIMIZED VARIABLE CAPITAL 5% SYSTEM INICIALIZADO
2025-10-18 18:59:14,065 - INFO - 💰 Capital inicial: $200.00 USDT
2025-10-18 18:59:14,067 - INFO - 🎯 Objetivo: 5.0% mensual
2025-10-18 18:59:14,068 - INFO - 🏆 Win rate objetivo: 75.0%
2025-10-18 18:59:14,075 - INFO - 🛡️ Riesgo por trade: 1.5%
2025-10-18 18:59:14,077 - INFO - 🚀 INICIANDO SISTEMA OPTIMIZADO CON CAPITAL VARIABLE
2025-10-18 18:59:14,080 - INFO - 💎 Analizando ADAUSDT con capital $200.00...
2025-10-18 18:59:14,972 - INFO - 💎 Analizando DOTUSDT con capital $200.00...
2025-10-18 18:59:15,763 - INFO - 💎 Analizando LINKUSDT con capital $200.00...
2025-10-18 18:59:16,470 - INFO - 💎 Analizando MATICUSDT con capital $200.00...
2025-10-18 18:59:17,042 - INFO - 🚀 SISTEMA OPTIMIZADO COMPLETADO
2025-10-18 18:59:17,043 - INFO - 💰 Capital inicial: $200.00 USDT
2025-10-18 18:59:17,043 - INFO - 💰 Capital final: $200.00 USDT
2025-10-18 18:59:17,044 - INFO - 💰 Capital actual: $200.00 USDT
2025-10-18 18:59:17,044 - INFO - 📈 Retorno total: 0.00%
2025-10-18 18:59:17,045 - INFO - 🎯 Retorno mensual: 0.00%
2025-10-18 18:59:17,045 - INFO - 🏆 Cumple objetivo: ❌ NO
2025-10-18 18:59:17,045 - INFO - 📊 Total trades: 0
2025-10-18 18:59:17,045 - INFO - 🎲 Win rate: 0.0%
2025-10-18 18:59:17,046 - INFO - 📉 Max drawdown: 0.00%
2025-10-18 18:59:17,046 - INFO - ⚡ Sharpe ratio: 0.00
2025-10-18 18:59:17,046 - INFO - 🚀 Escalamientos: 0
