2025-10-18 12:45:52,249 - INFO - No previous state found, starting fresh
2025-10-18 12:45:52,250 - INFO - Starting trading session - Duration: 48h, Capital: $200.00
2025-10-18 12:45:52,265 - ERROR - Error processing BTCUSDT: operands could not be broadcast together with shapes (19,) (20,) 
2025-10-18 12:45:52,268 - ERROR - Error processing ETHUSDT: operands could not be broadcast together with shapes (19,) (20,) 
2025-10-18 12:45:52,271 - ERROR - Error processing ADAUSDT: operands could not be broadcast together with shapes (19,) (20,) 
2025-10-18 12:45:52,275 - ERROR - Error processing DOTUSDT: operands could not be broadcast together with shapes (19,) (20,) 
2025-10-18 12:45:52,381 - ERROR - Error processing BTCUSDT: operands could not be broadcast together with shapes (19,) (20,) 
2025-10-18 12:45:52,387 - ERROR - Error processing ETHUSDT: operands could not be broadcast together with shapes (19,) (20,) 
2025-10-18 12:45:52,390 - ERROR - Error processing ADAUSDT: operands could not be broadcast together with shapes (19,) (20,) 
2025-10-18 12:45:52,395 - ERROR - Error processing DOTUSDT: operands could not be broadcast together with shapes (19,) (20,) 
2025-10-18 12:45:52,499 - ERROR - Error processing BTCUSDT: operands could not be broadcast together with shapes (19,) (20,) 
2025-10-18 12:45:52,503 - ERROR - Error processing ETHUSDT: operands could not be broadcast together with shapes (19,) (20,) 
2025-10-18 12:45:52,505 - ERROR - Error processing ADAUSDT: operands could not be broadcast together with shapes (19,) (20,) 
2025-10-18 12:45:52,509 - ERROR - Error processing DOTUSDT: operands could not be broadcast together with shapes (19,) (20,) 
2025-10-18 12:45:52,612 - ERROR - Error processing BTCUSDT: operands could not be broadcast together with shapes (19,) (20,) 
2025-10-18 12:45:52,617 - ERROR - Error processing ETHUSDT: operands could not be broadcast together with shapes (19,) (20,) 
2025-10-18 12:45:52,620 - ERROR - Error processing ADAUSDT: operands could not be broadcast together with shapes (19,) (20,) 
2025-10-18 12:45:52,624 - ERROR - Error processing DOTUSDT: operands could not be broadcast together with shapes (19,) (20,) 
2025-10-18 12:45:52,729 - ERROR - Error processing BTCUSDT: operands could not be broadcast together with shapes (19,) (20,) 
2025-10-18 12:45:52,732 - ERROR - Error processing ETHUSDT: operands could not be broadcast together with shapes (19,) (20,) 
2025-10-18 12:45:52,736 - ERROR - Error processing ADAUSDT: operands could not be broadcast together with shapes (19,) (20,) 
2025-10-18 12:45:52,739 - ERROR - Error processing DOTUSDT: operands could not be broadcast together with shapes (19,) (20,) 
2025-10-18 12:45:52,843 - ERROR - Error processing BTCUSDT: operands could not be broadcast together with shapes (19,) (20,) 
2025-10-18 12:45:52,847 - ERROR - Error processing ETHUSDT: operands could not be broadcast together with shapes (19,) (20,) 
2025-10-18 12:45:52,849 - ERROR - Error processing ADAUSDT: operands could not be broadcast together with shapes (19,) (20,) 
2025-10-18 12:45:52,854 - ERROR - Error processing DOTUSDT: operands could not be broadcast together with shapes (19,) (20,) 
2025-10-18 12:45:52,956 - ERROR - Error processing BTCUSDT: operands could not be broadcast together with shapes (19,) (20,) 
2025-10-18 12:45:52,960 - ERROR - Error processing ETHUSDT: operands could not be broadcast together with shapes (19,) (20,) 
2025-10-18 12:45:52,965 - ERROR - Error processing ADAUSDT: operands could not be broadcast together with shapes (19,) (20,) 
2025-10-18 12:45:52,969 - ERROR - Error processing DOTUSDT: operands could not be broadcast together with shapes (19,) (20,) 
2025-10-18 12:45:53,071 - ERROR - Error processing BTCUSDT: operands could not be broadcast together with shapes (19,) (20,) 
2025-10-18 12:45:53,075 - ERROR - Error processing ETHUSDT: operands could not be broadcast together with shapes (19,) (20,) 
2025-10-18 12:45:53,079 - ERROR - Error processing ADAUSDT: operands could not be broadcast together with shapes (19,) (20,) 
2025-10-18 12:45:53,084 - ERROR - Error processing DOTUSDT: operands could not be broadcast together with shapes (19,) (20,) 
2025-10-18 12:45:53,187 - ERROR - Error processing BTCUSDT: operands could not be broadcast together with shapes (19,) (20,) 
2025-10-18 12:45:53,191 - ERROR - Error processing ETHUSDT: operands could not be broadcast together with shapes (19,) (20,) 
2025-10-18 12:45:53,195 - ERROR - Error processing ADAUSDT: operands could not be broadcast together with shapes (19,) (20,) 
2025-10-18 12:45:53,198 - ERROR - Error processing DOTUSDT: operands could not be broadcast together with shapes (19,) (20,) 
2025-10-18 12:45:53,302 - ERROR - Error processing BTCUSDT: operands could not be broadcast together with shapes (19,) (20,) 
2025-10-18 12:45:53,304 - ERROR - Error processing ETHUSDT: operands could not be broadcast together with shapes (19,) (20,) 
2025-10-18 12:45:53,307 - ERROR - Error processing ADAUSDT: operands could not be broadcast together with shapes (19,) (20,) 
2025-10-18 12:45:53,309 - ERROR - Error processing DOTUSDT: operands could not be broadcast together with shapes (19,) (20,) 
2025-10-18 12:45:53,415 - ERROR - Error processing BTCUSDT: operands could not be broadcast together with shapes (19,) (20,) 
2025-10-18 12:45:53,418 - ERROR - Error processing ETHUSDT: operands could not be broadcast together with shapes (19,) (20,) 
2025-10-18 12:45:53,423 - ERROR - Error processing ADAUSDT: operands could not be broadcast together with shapes (19,) (20,) 
2025-10-18 12:45:53,427 - ERROR - Error processing DOTUSDT: operands could not be broadcast together with shapes (19,) (20,) 
2025-10-18 12:45:53,533 - ERROR - Error processing BTCUSDT: operands could not be broadcast together with shapes (19,) (20,) 
2025-10-18 12:45:53,537 - ERROR - Error processing ETHUSDT: operands could not be broadcast together with shapes (19,) (20,) 
2025-10-18 12:45:53,541 - ERROR - Error processing ADAUSDT: operands could not be broadcast together with shapes (19,) (20,) 
2025-10-18 12:45:53,547 - ERROR - Error processing DOTUSDT: operands could not be broadcast together with shapes (19,) (20,) 
2025-10-18 12:45:53,654 - ERROR - Error processing BTCUSDT: operands could not be broadcast together with shapes (19,) (20,) 
2025-10-18 12:45:53,662 - ERROR - Error processing ETHUSDT: operands could not be broadcast together with shapes (19,) (20,) 
2025-10-18 12:45:53,666 - ERROR - Error processing ADAUSDT: operands could not be broadcast together with shapes (19,) (20,) 
2025-10-18 12:45:53,669 - ERROR - Error processing DOTUSDT: operands could not be broadcast together with shapes (19,) (20,) 
2025-10-18 12:45:53,774 - ERROR - Error processing BTCUSDT: operands could not be broadcast together with shapes (19,) (20,) 
2025-10-18 12:45:53,778 - ERROR - Error processing ETHUSDT: operands could not be broadcast together with shapes (19,) (20,) 
2025-10-18 12:45:53,783 - ERROR - Error processing ADAUSDT: operands could not be broadcast together with shapes (19,) (20,) 
2025-10-18 12:45:53,787 - ERROR - Error processing DOTUSDT: operands could not be broadcast together with shapes (19,) (20,) 
2025-10-18 12:45:53,892 - ERROR - Error processing BTCUSDT: operands could not be broadcast together with shapes (19,) (20,) 
2025-10-18 12:45:53,896 - ERROR - Error processing ETHUSDT: operands could not be broadcast together with shapes (19,) (20,) 
2025-10-18 12:45:53,900 - ERROR - Error processing ADAUSDT: operands could not be broadcast together with shapes (19,) (20,) 
2025-10-18 12:45:53,903 - ERROR - Error processing DOTUSDT: operands could not be broadcast together with shapes (19,) (20,) 
2025-10-18 12:45:54,006 - ERROR - Error processing BTCUSDT: operands could not be broadcast together with shapes (19,) (20,) 
2025-10-18 12:45:54,011 - ERROR - Error processing ETHUSDT: operands could not be broadcast together with shapes (19,) (20,) 
2025-10-18 12:45:54,015 - ERROR - Error processing ADAUSDT: operands could not be broadcast together with shapes (19,) (20,) 
2025-10-18 12:45:54,017 - ERROR - Error processing DOTUSDT: operands could not be broadcast together with shapes (19,) (20,) 
2025-10-18 12:45:54,120 - ERROR - Error processing BTCUSDT: operands could not be broadcast together with shapes (19,) (20,) 
2025-10-18 12:45:54,123 - ERROR - Error processing ETHUSDT: operands could not be broadcast together with shapes (19,) (20,) 
2025-10-18 12:45:54,127 - ERROR - Error processing ADAUSDT: operands could not be broadcast together with shapes (19,) (20,) 
2025-10-18 12:45:54,130 - ERROR - Error processing DOTUSDT: operands could not be broadcast together with shapes (19,) (20,) 
2025-10-18 12:45:54,234 - ERROR - Error processing BTCUSDT: operands could not be broadcast together with shapes (19,) (20,) 
2025-10-18 12:45:54,237 - ERROR - Error processing ETHUSDT: operands could not be broadcast together with shapes (19,) (20,) 
2025-10-18 12:45:54,238 - ERROR - Error processing ADAUSDT: operands could not be broadcast together with shapes (19,) (20,) 
2025-10-18 12:45:54,243 - ERROR - Error processing DOTUSDT: operands could not be broadcast together with shapes (19,) (20,) 
2025-10-18 12:45:54,349 - ERROR - Error processing BTCUSDT: operands could not be broadcast together with shapes (19,) (20,) 
2025-10-18 12:45:54,352 - ERROR - Error processing ETHUSDT: operands could not be broadcast together with shapes (19,) (20,) 
2025-10-18 12:45:54,355 - ERROR - Error processing ADAUSDT: operands could not be broadcast together with shapes (19,) (20,) 
2025-10-18 12:45:54,358 - ERROR - Error processing DOTUSDT: operands could not be broadcast together with shapes (19,) (20,) 
2025-10-18 12:45:54,463 - ERROR - Error processing BTCUSDT: operands could not be broadcast together with shapes (19,) (20,) 
2025-10-18 12:45:54,465 - ERROR - Error processing ETHUSDT: operands could not be broadcast together with shapes (19,) (20,) 
2025-10-18 12:45:54,468 - ERROR - Error processing ADAUSDT: operands could not be broadcast together with shapes (19,) (20,) 
2025-10-18 12:45:54,471 - ERROR - Error processing DOTUSDT: operands could not be broadcast together with shapes (19,) (20,) 
2025-10-18 12:45:54,576 - ERROR - Error processing BTCUSDT: operands could not be broadcast together with shapes (19,) (20,) 
2025-10-18 12:45:54,581 - ERROR - Error processing ETHUSDT: operands could not be broadcast together with shapes (19,) (20,) 
2025-10-18 12:45:54,584 - ERROR - Error processing ADAUSDT: operands could not be broadcast together with shapes (19,) (20,) 
2025-10-18 12:45:54,588 - ERROR - Error processing DOTUSDT: operands could not be broadcast together with shapes (19,) (20,) 
2025-10-18 12:45:54,692 - ERROR - Error processing BTCUSDT: operands could not be broadcast together with shapes (19,) (20,) 
2025-10-18 12:45:54,695 - ERROR - Error processing ETHUSDT: operands could not be broadcast together with shapes (19,) (20,) 
2025-10-18 12:45:54,698 - ERROR - Error processing ADAUSDT: operands could not be broadcast together with shapes (19,) (20,) 
2025-10-18 12:45:54,700 - ERROR - Error processing DOTUSDT: operands could not be broadcast together with shapes (19,) (20,) 
2025-10-18 12:45:54,805 - ERROR - Error processing BTCUSDT: operands could not be broadcast together with shapes (19,) (20,) 
2025-10-18 12:45:54,808 - ERROR - Error processing ETHUSDT: operands could not be broadcast together with shapes (19,) (20,) 
2025-10-18 12:45:54,813 - ERROR - Error processing ADAUSDT: operands could not be broadcast together with shapes (19,) (20,) 
2025-10-18 12:45:54,816 - ERROR - Error processing DOTUSDT: operands could not be broadcast together with shapes (19,) (20,) 
2025-10-18 12:45:54,919 - ERROR - Error processing BTCUSDT: operands could not be broadcast together with shapes (19,) (20,) 
2025-10-18 12:45:54,921 - ERROR - Error processing ETHUSDT: operands could not be broadcast together with shapes (19,) (20,) 
2025-10-18 12:45:54,924 - ERROR - Error processing ADAUSDT: operands could not be broadcast together with shapes (19,) (20,) 
2025-10-18 12:45:54,928 - ERROR - Error processing DOTUSDT: operands could not be broadcast together with shapes (19,) (20,) 
2025-10-18 12:45:55,032 - ERROR - Error processing BTCUSDT: operands could not be broadcast together with shapes (19,) (20,) 
2025-10-18 12:45:55,036 - ERROR - Error processing ETHUSDT: operands could not be broadcast together with shapes (19,) (20,) 
2025-10-18 12:45:55,037 - ERROR - Error processing ADAUSDT: operands could not be broadcast together with shapes (19,) (20,) 
2025-10-18 12:45:55,041 - ERROR - Error processing DOTUSDT: operands could not be broadcast together with shapes (19,) (20,) 
2025-10-18 12:45:55,145 - ERROR - Error processing BTCUSDT: operands could not be broadcast together with shapes (19,) (20,) 
2025-10-18 12:45:55,148 - ERROR - Error processing ETHUSDT: operands could not be broadcast together with shapes (19,) (20,) 
2025-10-18 12:45:55,151 - ERROR - Error processing ADAUSDT: operands could not be broadcast together with shapes (19,) (20,) 
2025-10-18 12:45:55,153 - ERROR - Error processing DOTUSDT: operands could not be broadcast together with shapes (19,) (20,) 
2025-10-18 12:45:55,256 - ERROR - Error processing BTCUSDT: operands could not be broadcast together with shapes (19,) (20,) 
2025-10-18 12:45:55,260 - ERROR - Error processing ETHUSDT: operands could not be broadcast together with shapes (19,) (20,) 
2025-10-18 12:45:55,264 - ERROR - Error processing ADAUSDT: operands could not be broadcast together with shapes (19,) (20,) 
2025-10-18 12:45:55,267 - ERROR - Error processing DOTUSDT: operands could not be broadcast together with shapes (19,) (20,) 
2025-10-18 12:45:55,370 - ERROR - Error processing BTCUSDT: operands could not be broadcast together with shapes (19,) (20,) 
2025-10-18 12:45:55,373 - ERROR - Error processing ETHUSDT: operands could not be broadcast together with shapes (19,) (20,) 
2025-10-18 12:45:55,376 - ERROR - Error processing ADAUSDT: operands could not be broadcast together with shapes (19,) (20,) 
2025-10-18 12:45:55,379 - ERROR - Error processing DOTUSDT: operands could not be broadcast together with shapes (19,) (20,) 
2025-10-18 12:45:55,484 - ERROR - Error processing BTCUSDT: operands could not be broadcast together with shapes (19,) (20,) 
2025-10-18 12:45:55,488 - ERROR - Error processing ETHUSDT: operands could not be broadcast together with shapes (19,) (20,) 
2025-10-18 12:45:55,491 - ERROR - Error processing ADAUSDT: operands could not be broadcast together with shapes (19,) (20,) 
2025-10-18 12:45:55,494 - ERROR - Error processing DOTUSDT: operands could not be broadcast together with shapes (19,) (20,) 
2025-10-18 12:45:55,597 - ERROR - Error processing BTCUSDT: operands could not be broadcast together with shapes (19,) (20,) 
2025-10-18 12:45:55,601 - ERROR - Error processing ETHUSDT: operands could not be broadcast together with shapes (19,) (20,) 
2025-10-18 12:45:55,603 - ERROR - Error processing ADAUSDT: operands could not be broadcast together with shapes (19,) (20,) 
2025-10-18 12:45:55,606 - ERROR - Error processing DOTUSDT: operands could not be broadcast together with shapes (19,) (20,) 
2025-10-18 12:45:55,710 - ERROR - Error processing BTCUSDT: operands could not be broadcast together with shapes (19,) (20,) 
2025-10-18 12:45:55,714 - ERROR - Error processing ETHUSDT: operands could not be broadcast together with shapes (19,) (20,) 
2025-10-18 12:45:55,716 - ERROR - Error processing ADAUSDT: operands could not be broadcast together with shapes (19,) (20,) 
2025-10-18 12:45:55,720 - ERROR - Error processing DOTUSDT: operands could not be broadcast together with shapes (19,) (20,) 
2025-10-18 12:45:55,822 - ERROR - Error processing BTCUSDT: operands could not be broadcast together with shapes (19,) (20,) 
2025-10-18 12:45:55,825 - ERROR - Error processing ETHUSDT: operands could not be broadcast together with shapes (19,) (20,) 
2025-10-18 12:45:55,828 - ERROR - Error processing ADAUSDT: operands could not be broadcast together with shapes (19,) (20,) 
2025-10-18 12:45:55,832 - ERROR - Error processing DOTUSDT: operands could not be broadcast together with shapes (19,) (20,) 
2025-10-18 12:45:55,935 - ERROR - Error processing BTCUSDT: operands could not be broadcast together with shapes (19,) (20,) 
2025-10-18 12:45:55,937 - ERROR - Error processing ETHUSDT: operands could not be broadcast together with shapes (19,) (20,) 
2025-10-18 12:45:55,941 - ERROR - Error processing ADAUSDT: operands could not be broadcast together with shapes (19,) (20,) 
2025-10-18 12:45:55,945 - ERROR - Error processing DOTUSDT: operands could not be broadcast together with shapes (19,) (20,) 
2025-10-18 12:45:56,048 - ERROR - Error processing BTCUSDT: operands could not be broadcast together with shapes (19,) (20,) 
2025-10-18 12:45:56,051 - ERROR - Error processing ETHUSDT: operands could not be broadcast together with shapes (19,) (20,) 
2025-10-18 12:45:56,054 - ERROR - Error processing ADAUSDT: operands could not be broadcast together with shapes (19,) (20,) 
2025-10-18 12:45:56,056 - ERROR - Error processing DOTUSDT: operands could not be broadcast together with shapes (19,) (20,) 
2025-10-18 12:45:56,161 - ERROR - Error processing BTCUSDT: operands could not be broadcast together with shapes (19,) (20,) 
2025-10-18 12:45:56,165 - ERROR - Error processing ETHUSDT: operands could not be broadcast together with shapes (19,) (20,) 
2025-10-18 12:45:56,167 - ERROR - Error processing ADAUSDT: operands could not be broadcast together with shapes (19,) (20,) 
2025-10-18 12:45:56,169 - ERROR - Error processing DOTUSDT: operands could not be broadcast together with shapes (19,) (20,) 
2025-10-18 12:45:56,272 - ERROR - Error processing BTCUSDT: operands could not be broadcast together with shapes (19,) (20,) 
2025-10-18 12:45:56,276 - ERROR - Error processing ETHUSDT: operands could not be broadcast together with shapes (19,) (20,) 
2025-10-18 12:45:56,280 - ERROR - Error processing ADAUSDT: operands could not be broadcast together with shapes (19,) (20,) 
2025-10-18 12:45:56,283 - ERROR - Error processing DOTUSDT: operands could not be broadcast together with shapes (19,) (20,) 
2025-10-18 12:45:56,386 - ERROR - Error processing BTCUSDT: operands could not be broadcast together with shapes (19,) (20,) 
2025-10-18 12:45:56,389 - ERROR - Error processing ETHUSDT: operands could not be broadcast together with shapes (19,) (20,) 
2025-10-18 12:45:56,392 - ERROR - Error processing ADAUSDT: operands could not be broadcast together with shapes (19,) (20,) 
2025-10-18 12:45:56,395 - ERROR - Error processing DOTUSDT: operands could not be broadcast together with shapes (19,) (20,) 
2025-10-18 12:45:56,499 - ERROR - Error processing BTCUSDT: operands could not be broadcast together with shapes (19,) (20,) 
2025-10-18 12:45:56,502 - ERROR - Error processing ETHUSDT: operands could not be broadcast together with shapes (19,) (20,) 
2025-10-18 12:45:56,504 - ERROR - Error processing ADAUSDT: operands could not be broadcast together with shapes (19,) (20,) 
2025-10-18 12:45:56,508 - ERROR - Error processing DOTUSDT: operands could not be broadcast together with shapes (19,) (20,) 
2025-10-18 12:45:56,613 - ERROR - Error processing BTCUSDT: operands could not be broadcast together with shapes (19,) (20,) 
2025-10-18 12:45:56,616 - ERROR - Error processing ETHUSDT: operands could not be broadcast together with shapes (19,) (20,) 
2025-10-18 12:45:56,620 - ERROR - Error processing ADAUSDT: operands could not be broadcast together with shapes (19,) (20,) 
2025-10-18 12:45:56,623 - ERROR - Error processing DOTUSDT: operands could not be broadcast together with shapes (19,) (20,) 
2025-10-18 12:45:56,727 - ERROR - Error processing BTCUSDT: operands could not be broadcast together with shapes (19,) (20,) 
2025-10-18 12:45:56,731 - ERROR - Error processing ETHUSDT: operands could not be broadcast together with shapes (19,) (20,) 
2025-10-18 12:45:56,735 - ERROR - Error processing ADAUSDT: operands could not be broadcast together with shapes (19,) (20,) 
2025-10-18 12:45:56,739 - ERROR - Error processing DOTUSDT: operands could not be broadcast together with shapes (19,) (20,) 
2025-10-18 12:45:56,842 - ERROR - Error processing BTCUSDT: operands could not be broadcast together with shapes (19,) (20,) 
2025-10-18 12:45:56,845 - ERROR - Error processing ETHUSDT: operands could not be broadcast together with shapes (19,) (20,) 
2025-10-18 12:45:56,848 - ERROR - Error processing ADAUSDT: operands could not be broadcast together with shapes (19,) (20,) 
2025-10-18 12:45:56,850 - ERROR - Error processing DOTUSDT: operands could not be broadcast together with shapes (19,) (20,) 
2025-10-18 12:45:56,953 - ERROR - Error processing BTCUSDT: operands could not be broadcast together with shapes (19,) (20,) 
2025-10-18 12:45:56,955 - ERROR - Error processing ETHUSDT: operands could not be broadcast together with shapes (19,) (20,) 
2025-10-18 12:45:56,959 - ERROR - Error processing ADAUSDT: operands could not be broadcast together with shapes (19,) (20,) 
2025-10-18 12:45:56,964 - ERROR - Error processing DOTUSDT: operands could not be broadcast together with shapes (19,) (20,) 
2025-10-18 12:45:57,066 - ERROR - Error processing BTCUSDT: operands could not be broadcast together with shapes (19,) (20,) 
2025-10-18 12:45:57,068 - ERROR - Error processing ETHUSDT: operands could not be broadcast together with shapes (19,) (20,) 
2025-10-18 12:45:57,071 - ERROR - Error processing ADAUSDT: operands could not be broadcast together with shapes (19,) (20,) 
2025-10-18 12:45:57,075 - ERROR - Error processing DOTUSDT: operands could not be broadcast together with shapes (19,) (20,) 
2025-10-18 12:45:57,184 - ERROR - Error processing BTCUSDT: operands could not be broadcast together with shapes (19,) (20,) 
2025-10-18 12:45:57,188 - ERROR - Error processing ETHUSDT: operands could not be broadcast together with shapes (19,) (20,) 
2025-10-18 12:45:57,197 - ERROR - Error processing ADAUSDT: operands could not be broadcast together with shapes (19,) (20,) 
2025-10-18 12:45:57,202 - ERROR - Error processing DOTUSDT: operands could not be broadcast together with shapes (19,) (20,) 
2025-10-18 12:45:57,306 - ERROR - Error processing BTCUSDT: operands could not be broadcast together with shapes (19,) (20,) 
2025-10-18 12:45:57,309 - ERROR - Error processing ETHUSDT: operands could not be broadcast together with shapes (19,) (20,) 
2025-10-18 12:45:57,316 - ERROR - Error processing ADAUSDT: operands could not be broadcast together with shapes (19,) (20,) 
2025-10-18 12:45:57,322 - ERROR - Error processing DOTUSDT: operands could not be broadcast together with shapes (19,) (20,) 
2025-10-18 12:45:57,431 - ERROR - Error processing BTCUSDT: operands could not be broadcast together with shapes (19,) (20,) 
2025-10-18 12:45:57,434 - ERROR - Error processing ETHUSDT: operands could not be broadcast together with shapes (19,) (20,) 
2025-10-18 12:45:57,436 - ERROR - Error processing ADAUSDT: operands could not be broadcast together with shapes (19,) (20,) 
2025-10-18 12:45:57,439 - ERROR - Error processing DOTUSDT: operands could not be broadcast together with shapes (19,) (20,) 
2025-10-18 12:45:57,543 - ERROR - Error processing BTCUSDT: operands could not be broadcast together with shapes (19,) (20,) 
2025-10-18 12:45:57,546 - ERROR - Error processing ETHUSDT: operands could not be broadcast together with shapes (19,) (20,) 
2025-10-18 12:45:57,549 - ERROR - Error processing ADAUSDT: operands could not be broadcast together with shapes (19,) (20,) 
2025-10-18 12:45:57,552 - ERROR - Error processing DOTUSDT: operands could not be broadcast together with shapes (19,) (20,) 
2025-10-18 12:45:57,656 - ERROR - Error processing BTCUSDT: operands could not be broadcast together with shapes (19,) (20,) 
2025-10-18 12:45:57,659 - ERROR - Error processing ETHUSDT: operands could not be broadcast together with shapes (19,) (20,) 
2025-10-18 12:45:57,663 - ERROR - Error processing ADAUSDT: operands could not be broadcast together with shapes (19,) (20,) 
2025-10-18 12:45:57,668 - ERROR - Error processing DOTUSDT: operands could not be broadcast together with shapes (19,) (20,) 
2025-10-18 12:45:57,770 - INFO - Session completed - Capital: $200.00, ROI: 0.00%, Trades: 0
