2025-10-18 18:51:38,764 - INFO - 🚀 ULTIMATE 5% MONTHLY SYSTEM INICIALIZADO
2025-10-18 18:51:38,764 - INFO - 💰 Capital inicial: $10,000.00
2025-10-18 18:51:38,767 - INFO - 🎯 Objetivo: 5.0% mensual
2025-10-18 18:51:38,768 - INFO - 🛡️ Riesgo por trade: 1.5%
2025-10-18 18:51:38,769 - INFO - 📊 Win rate objetivo: 70.0%
2025-10-18 18:51:38,770 - INFO - 🔄 Compounding: 60.0% base
2025-10-18 18:51:38,771 - INFO - 🚀 INICIANDO SISTEMA ULTRA-OPTIMIZADO PARA 5% MENSUAL
2025-10-18 18:51:38,772 - INFO - 💎 Analizando BTCUSDT con configuración ultra-premium...
2025-10-18 18:51:39,506 - INFO - 💎 Analizando ETHUSDT con configuración ultra-premium...
2025-10-18 18:51:40,214 - INFO - 💎 Analizando BNBUSDT con configuración ultra-premium...
2025-10-18 18:51:41,046 - INFO - 💎 Analizando ADAUSDT con configuración ultra-premium...
2025-10-18 18:51:41,767 - INFO - 🚀 SISTEMA ULTRA-OPTIMIZADO COMPLETADO
2025-10-18 18:51:41,768 - INFO - 💰 Capital final: $10,000.00
2025-10-18 18:51:41,768 - INFO - 📈 Retorno total: 0.00%
2025-10-18 18:51:41,769 - INFO - 🎯 Retorno mensual: 0.00%
2025-10-18 18:51:41,770 - INFO - 🏆 Cumple objetivo: ❌ NO
2025-10-18 18:51:41,770 - INFO - 📊 Total trades: 0
2025-10-18 18:51:41,771 - INFO - 🎲 Win rate: 0.0%
2025-10-18 18:51:41,771 - INFO - 📉 Max drawdown: 0.00%
2025-10-18 18:51:41,772 - INFO - 💎 Profit factor: 0.00
2025-10-18 18:51:41,772 - INFO - ⚡ Sharpe ratio: 0.00
2025-10-18 18:51:41,773 - INFO - 🔥 Sortino ratio: 0.00
