2025-10-18 18:49:04,993 - INFO - ⚡ WORKING 5% MONTHLY SYSTEM INICIALIZADO
2025-10-18 18:49:04,994 - INFO - 💰 Capital inicial: $10,000.00
2025-10-18 18:49:04,994 - INFO - 🎯 Objetivo: 5.0% mensual
2025-10-18 18:49:04,994 - INFO - 🛡️ Riesgo por trade: 2.5%
2025-10-18 18:49:04,994 - INFO - 📊 Win rate objetivo: 57.99999999999999%
2025-10-18 18:49:04,996 - INFO - 🔄 Compounding: 40.0% base
2025-10-18 18:49:04,996 - INFO - ⚡ INICIANDO SISTEMA QUE FUNCIONA PARA 5% MENSUAL
2025-10-18 18:49:04,996 - INFO - 📊 Analizando BTCUSDT con configuración funcional...
2025-10-18 18:49:05,430 - INFO - 📊 Analizando ETHUSDT con configuración funcional...
2025-10-18 18:49:05,762 - INFO - 📊 Analizando BNBUSDT con configuración funcional...
2025-10-18 18:49:06,093 - INFO - 📊 Analizando ADAUSDT con configuración funcional...
2025-10-18 18:49:06,373 - INFO - 📊 Analizando SOLUSDT con configuración funcional...
2025-10-18 18:49:06,657 - INFO - 📊 Analizando DOTUSDT con configuración funcional...
2025-10-18 18:49:07,020 - INFO - ⚡ SISTEMA FUNCIONAL COMPLETADO
2025-10-18 18:49:07,020 - INFO - 💰 Capital final: $8,848.54
2025-10-18 18:49:07,020 - INFO - 📈 Retorno total: -11.51%
2025-10-18 18:49:07,020 - INFO - 🎯 Retorno mensual: -2.90%
2025-10-18 18:49:07,020 - INFO - 🏆 Cumple objetivo: ❌ NO
2025-10-18 18:49:07,020 - INFO - 📊 Total trades: 83
2025-10-18 18:49:07,020 - INFO - 🎲 Win rate: 34.9%
2025-10-18 18:49:07,020 - INFO - 📉 Max drawdown: -11.59%
2025-10-18 18:49:07,020 - INFO - 💎 Profit factor: 0.50
